Component: ARM Compiler 5.06 update 7 (build 960) Tool: armlink [4d3601]

==============================================================================

Section Cross References

    startup.o(STACK) refers (Special) to heapauxi.o(.text) for __use_two_region_memory
    startup.o(HEAP) refers (Special) to heapauxi.o(.text) for __use_two_region_memory
    startup.o(RESET) refers (Special) to heapauxi.o(.text) for __use_two_region_memory
    startup.o(RESET) refers to startup.o(STACK) for StackMem
    startup.o(RESET) refers to goldminer.o(i.GPIOPortE_Handler) for GPIOPortE_Handler
    startup.o(RESET) refers to sound.o(i.Timer0A_Handler) for Timer0A_Handler
    startup.o(RESET) refers to goldminer.o(i.Timer1A_Handler) for Timer1A_Handler
    startup.o(RESET) refers to timer2.o(i.Timer2A_Handler) for Timer2A_Handler
    startup.o(RESET) refers to texas.o(i.Timer5A_Handler) for Timer5A_Handler
    startup.o(RESET) refers to __main.o(!!!main) for __main
    startup.o(.text) refers (Special) to heapauxi.o(.text) for __use_two_region_memory
    startup.o(.text) refers to startup.o(HEAP) for HeapMem
    startup.o(.text) refers to startup.o(STACK) for StackMem
    random.o(.text) refers to random.o(DATA) for M
    sound.o(i.Sound_Gold) refers to sound.o(i.Sound_Start) for Sound_Start
    sound.o(i.Sound_Gold) refers to sound.o(.constdata) for collectcoinfinal
    sound.o(i.Sound_Init) refers to dac.o(i.DAC_Init) for DAC_Init
    sound.o(i.Sound_Init) refers to timer0.o(i.Timer0_Init) for Timer0_Init
    sound.o(i.Sound_Init) refers to sound.o(.data) for counter
    sound.o(i.Sound_Rock) refers to sound.o(i.Sound_Start) for Sound_Start
    sound.o(i.Sound_Rock) refers to sound.o(.constdata) for rockSound
    sound.o(i.Sound_Start) refers to sound.o(.data) for counter
    sound.o(i.Timer0A_Handler) refers to dac.o(i.DAC_Out) for DAC_Out
    sound.o(i.Timer0A_Handler) refers to sound.o(.data) for counter
    print.o(.text) refers (Special) to st7735.o(i.ST7735_OutString) for ST7735_OutString
    print.o(.text) refers to st7735.o(i.ST7735_OutChar) for ST7735_OutChar
    st7735.o(i.Output_Clear) refers to st7735.o(i.ST7735_FillScreen) for ST7735_FillScreen
    st7735.o(i.Output_Color) refers to st7735.o(i.ST7735_SetTextColor) for ST7735_SetTextColor
    st7735.o(i.Output_Init) refers to st7735.o(i.ST7735_InitR) for ST7735_InitR
    st7735.o(i.Output_Init) refers to st7735.o(i.ST7735_FillScreen) for ST7735_FillScreen
    st7735.o(i.Output_Off) refers to st7735.o(i.Output_Clear) for Output_Clear
    st7735.o(i.Output_On) refers to st7735.o(i.Output_Init) for Output_Init
    st7735.o(i.ST7735_DrawBitmap) refers to st7735.o(i.setAddrWindow) for setAddrWindow
    st7735.o(i.ST7735_DrawBitmap) refers to lcd.o(.text) for writedata
    st7735.o(i.ST7735_DrawBitmap) refers to st7735.o(.data) for _width
    st7735.o(i.ST7735_DrawChar) refers to st7735.o(i.setAddrWindow) for setAddrWindow
    st7735.o(i.ST7735_DrawChar) refers to st7735.o(i.pushColor) for pushColor
    st7735.o(i.ST7735_DrawChar) refers to st7735.o(.data) for _width
    st7735.o(i.ST7735_DrawChar) refers to st7735.o(.constdata) for Font
    st7735.o(i.ST7735_DrawCharS) refers to st7735.o(i.ST7735_DrawPixel) for ST7735_DrawPixel
    st7735.o(i.ST7735_DrawCharS) refers to st7735.o(i.ST7735_FillRect) for ST7735_FillRect
    st7735.o(i.ST7735_DrawCharS) refers to st7735.o(.data) for _width
    st7735.o(i.ST7735_DrawCharS) refers to st7735.o(.constdata) for Font
    st7735.o(i.ST7735_DrawCircle) refers to st7735.o(i.setAddrWindow) for setAddrWindow
    st7735.o(i.ST7735_DrawCircle) refers to lcd.o(.text) for writedata
    st7735.o(i.ST7735_DrawCircle) refers to st7735.o(i.deselect) for deselect
    st7735.o(i.ST7735_DrawCircle) refers to st7735.o(.data) for _width
    st7735.o(i.ST7735_DrawCircle) refers to st7735.o(.constdata) for circle
    st7735.o(i.ST7735_DrawFastHLine) refers to st7735.o(i.setAddrWindow) for setAddrWindow
    st7735.o(i.ST7735_DrawFastHLine) refers to lcd.o(.text) for writedata
    st7735.o(i.ST7735_DrawFastHLine) refers to st7735.o(.data) for _width
    st7735.o(i.ST7735_DrawFastVLine) refers to st7735.o(i.setAddrWindow) for setAddrWindow
    st7735.o(i.ST7735_DrawFastVLine) refers to lcd.o(.text) for writedata
    st7735.o(i.ST7735_DrawFastVLine) refers to st7735.o(.data) for _width
    st7735.o(i.ST7735_DrawPixel) refers to st7735.o(i.setAddrWindow) for setAddrWindow
    st7735.o(i.ST7735_DrawPixel) refers to st7735.o(i.pushColor) for pushColor
    st7735.o(i.ST7735_DrawPixel) refers to st7735.o(.data) for _width
    st7735.o(i.ST7735_DrawSmallCircle) refers to st7735.o(i.setAddrWindow) for setAddrWindow
    st7735.o(i.ST7735_DrawSmallCircle) refers to lcd.o(.text) for writedata
    st7735.o(i.ST7735_DrawSmallCircle) refers to st7735.o(i.deselect) for deselect
    st7735.o(i.ST7735_DrawSmallCircle) refers to st7735.o(.data) for _width
    st7735.o(i.ST7735_DrawSmallCircle) refers to st7735.o(.constdata) for smallCircle
[...]
    goldminer.o(i.Welcome) refers to st7735.o(i.ST7735_OutString) for ST7735_OutString
    goldminer.o(i.Welcome) refers to st7735.o(i.ST7735_DrawBitmap) for ST7735_DrawBitmap
    goldminer.o(i.Welcome) refers to systick.o(i.SysTick_Wait100ms) for SysTick_Wait100ms
    goldminer.o(i.Welcome) refers to goldminer.o(i.Convert) for Convert
    goldminer.o(i.Welcome) refers to goldminer.o(.constdata) for Eng
    goldminer.o(i.Welcome) refers to goldminer.o(.data) for data
    goldminer.o(i.main) refers to startup.o(.text) for DisableInterrupts
    goldminer.o(i.main) refers to texas.o(i.TExaS_Init) for TExaS_Init
    goldminer.o(i.main) refers to st7735.o(i.Output_Init) for Output_Init
    goldminer.o(i.main) refers to adc.o(i.ADC_Init) for ADC_Init
    goldminer.o(i.main) refers to timer1.o(i.Timer1_Init) for Timer1_Init
    goldminer.o(i.main) refers to edgeinterrupt.o(i.EdgeTrigger_Init) for EdgeTrigger_Init
    goldminer.o(i.main) refers to sound.o(i.Sound_Init) for Sound_Init
    goldminer.o(i.main) refers to systick.o(i.SysTick_Init) for SysTick_Init
    goldminer.o(i.main) refers to timer2.o(i.Timer2_Init) for Timer2_Init
    goldminer.o(i.main) refers to goldminer.o(i.Welcome) for Welcome
    goldminer.o(i.main) refers to st7735.o(i.ST7735_FillScreen) for ST7735_FillScreen
    goldminer.o(i.main) refers to goldminer.o(i.spawn) for spawn
    goldminer.o(i.main) refers to goldminer.o(i.MoveCart) for MoveCart
    goldminer.o(i.main) refers to goldminer.o(i.Collision) for Collision
    goldminer.o(i.main) refers to systick.o(i.SysTick_Wait100ms) for SysTick_Wait100ms
    goldminer.o(i.main) refers to goldminer.o(i.GrapplerMove) for GrapplerMove
    goldminer.o(i.main) refers to goldminer.o(i.GrapplerMoveUp) for GrapplerMoveUp
    goldminer.o(i.main) refers to goldminer.o(i.DeleteGold) for DeleteGold
    goldminer.o(i.main) refers to goldminer.o(i.GrapplerMoveUpGold) for GrapplerMoveUpGold
    goldminer.o(i.main) refers to sound.o(i.Sound_Gold) for Sound_Gold
    goldminer.o(i.main) refers to goldminer.o(i.printScore) for printScore
    goldminer.o(i.main) refers to goldminer.o(i.printTime) for printTime
    goldminer.o(i.main) refers to goldminer.o(i.LevelComplete) for LevelComplete
    goldminer.o(i.main) refers to goldminer.o(i.GameOver) for GameOver
    goldminer.o(i.main) refers to goldminer.o(i.timeDisplay) for timeDisplay
    goldminer.o(i.main) refers to goldminer.o(.data) for time
    goldminer.o(i.main) refers to goldminer.o(.bss) for rock
    goldminer.o(i.printScore) refers to st7735.o(i.ST7735_SetCursor) for ST7735_SetCursor
    goldminer.o(i.printScore) refers to print.o(.text) for LCD_OutDec
    goldminer.o(i.printTime) refers to st7735.o(i.ST7735_FillRect) for ST7735_FillRect
    goldminer.o(i.printTime) refers to st7735.o(i.ST7735_SetCursor) for ST7735_SetCursor
    goldminer.o(i.printTime) refers to print.o(.text) for LCD_OutDec
    goldminer.o(i.printTime) refers to goldminer.o(.data) for time
    goldminer.o(i.spawn) refers to st7735.o(i.ST7735_SetCursor) for ST7735_SetCursor
    goldminer.o(i.spawn) refers to st7735.o(i.ST7735_OutString) for ST7735_OutString
    goldminer.o(i.spawn) refers to st7735.o(i.ST7735_DrawBitmap) for ST7735_DrawBitmap
    goldminer.o(i.spawn) refers to goldminer.o(.data) for Phrases
    goldminer.o(i.spawn) refers to goldminer.o(.constdata) for .constdata
    goldminer.o(i.spawn) refers to goldminer.o(.bss) for rock
    goldminer.o(i.timeDisplay) refers to goldminer.o(.data) for time
    goldminer.o(.data) refers to goldminer.o(.constdata) for Hello_English
    edgeinterrupt.o(i.EdgeTrigger_Init) refers to edgeinterrupt.o(.data) for FallingEdges
    systick.o(i.SysTick_Wait100ms) refers to systick.o(i.SysTick_Wait) for SysTick_Wait
    timer2.o(i.Timer2A_Handler) refers to timer2.o(.data) for PeriodicTask
    timer2.o(i.Timer2_Init) refers to timer2.o(.data) for PeriodicTask
    __main.o(!!!main) refers to __rtentry.o(.ARM.Collect$$rtentry$$00000000) for __rt_entry
    __rtentry.o(.ARM.Collect$$rtentry$$00000000) refers (Special) to __rtentry2.o(.ARM.Collect$$rtentry$$0000000A) for __rt_entry_li
    __rtentry.o(.ARM.Collect$$rtentry$$00000000) refers (Special) to __rtentry2.o(.ARM.Collect$$rtentry$$0000000D) for __rt_entry_main
    __rtentry.o(.ARM.Collect$$rtentry$$00000000) refers (Special) to __rtentry2.o(.ARM.Collect$$rtentry$$0000000C) for __rt_entry_postli_1
    __rtentry.o(.ARM.Collect$$rtentry$$00000000) refers (Special) to __rtentry2.o(.ARM.Collect$$rtentry$$00000009) for __rt_entry_postsh_1
    __rtentry.o(.ARM.Collect$$rtentry$$00000000) refers (Special) to __rtentry2.o(.ARM.Collect$$rtentry$$00000002) for __rt_entry_presh_1
    __rtentry.o(.ARM.Collect$$rtentry$$00000000) refers (Special) to __rtentry4.o(.ARM.Collect$$rtentry$$00000004) for __rt_entry_sh
    __rtentry2.o(.ARM.Collect$$rtentry$$00000008) refers to boardinit2.o(.text) for _platform_post_stackheap_init
    __rtentry2.o(.ARM.Collect$$rtentry$$0000000A) refers to libinit.o(.ARM.Collect$$libinit$$00000000) for __rt_lib_init
    __rtentry2.o(.ARM.Collect$$rtentry$$0000000B) refers to boardinit3.o(.text) for _platform_post_lib_init
    __rtentry2.o(.ARM.Collect$$rtentry$$0000000D) refers to goldminer.o(i.main) for main
    __rtentry2.o(.ARM.Collect$$rtentry$$0000000D) refers to exit.o(.text) for exit
    __rtentry2.o(.ARM.exidx) refers to __rtentry2.o(.ARM.Collect$$rtentry$$00000001) for .ARM.Collect$$rtentry$$00000001
    __rtentry2.o(.ARM.exidx) refers to __rtentry2.o(.ARM.Collect$$rtentry$$00000008) for .ARM.Collect$$rtentry$$00000008
    __rtentry2.o(.ARM.exidx) refers to __rtentry2.o(.ARM.Collect$$rtentry$$0000000A) for .ARM.Collect$$rtentry$$0000000A
    __rtentry2.o(.ARM.exidx) refers to __rtentry2.o(.ARM.Collect$$rtentry$$0000000B) for .ARM.Collect$$rtentry$$0000000B
    __rtentry2.o(.ARM.exidx) refers to __rtentry2.o(.ARM.Collect$$rtentry$$0000000D) for .ARM.Collect$$rtentry$$0000000D
    __rtentry4.o(.ARM.Collect$$rtentry$$00000004) refers to sys_stackheap_outer.o(.text) for __user_setup_stackheap
    __rtentry4.o(.ARM.exidx) refers to __rtentry4.o(.ARM.Collect$$rtentry$$00000004) for .ARM.Collect$$rtentry$$00000004
    sys_stackheap_outer.o(.text) refers to libspace.o(.text) for __user_perproc_libspace
    sys_stackheap_outer.o(.text) refers to startup.o(.text) for __user_initial_stackheap
    exit.o(.text) refers to rtexit.o(.ARM.Collect$$rtexit$$00000000) for __rt_exit
    libinit.o(.ARM.Collect$$libinit$$00000000) refers (Special) to libinit2.o(.ARM.Collect$$libinit$$0000002E) for __rt_lib_init_alloca_1
    libinit.o(.ARM.Collect$$libinit$$00000000) refers (Special) to libinit2.o(.ARM.Collect$$libinit$$0000002C) for __rt_lib_init_argv_1
    libinit.o(.ARM.Collect$$libinit$$00000000) refers (Special) to libinit2.o(.ARM.Collect$$libinit$$0000001B) for __rt_lib_init_atexit_1
    libinit.o(.ARM.Collect$$libinit$$00000000) refers (Special) to libinit2.o(.ARM.Collect$$libinit$$00000021) for __rt_lib_init_clock_1
    libinit.o(.ARM.Collect$$libinit$$00000000) refers (Special) to libinit2.o(.ARM.Collect$$libinit$$00000032) for __rt_lib_init_cpp_1
    libinit.o(.ARM.Collect$$libinit$$00000000) refers (Special) to libinit2.o(.ARM.Collect$$libinit$$00000030) for __rt_lib_init_exceptions_1
    libinit.o(.ARM.Collect$$libinit$$00000000) refers (Special) to libinit2.o(.ARM.Collect$$libinit$$00000002) for __rt_lib_init_fp_1
    libinit.o(.ARM.Collect$$libinit$$00000000) refers (Special) to libinit2.o(.ARM.Collect$$libinit$$0000001F) for __rt_lib_init_fp_trap_1
    libinit.o(.ARM.Collect$$libinit$$00000000) refers (Special) to libinit2.o(.ARM.Collect$$libinit$$00000023) for __rt_lib_init_getenv_1
    libinit.o(.ARM.Collect$$libinit$$00000000) refers (Special) to libinit2.o(.ARM.Collect$$libinit$$0000000A) for __rt_lib_init_heap_1
    libinit.o(.ARM.Collect$$libinit$$00000000) refers (Special) to libinit2.o(.ARM.Collect$$libinit$$00000011) for __rt_lib_init_lc_collate_1
    libinit.o(.ARM.Collect$$libinit$$00000000) refers (Special) to libinit2.o(.ARM.Collect$$libinit$$00000013) for __rt_lib_init_lc_ctype_1
    libinit.o(.ARM.Collect$$libinit$$00000000) refers (Special) to libinit2.o(.ARM.Collect$$libinit$$00000015) for __rt_lib_init_lc_monetary_1
    libinit.o(.ARM.Collect$$libinit$$00000000) refers (Special) to libinit2.o(.ARM.Collect$$libinit$$00000017) for __rt_lib_init_lc_numeric_1
    libinit.o(.ARM.Collect$$libinit$$00000000) refers (Special) to libinit2.o(.ARM.Collect$$libinit$$00000019) for __rt_lib_init_lc_time_1
    libinit.o(.ARM.Collect$$libinit$$00000000) refers (Special) to libinit2.o(.ARM.Collect$$libinit$$00000004) for __rt_lib_init_preinit_1
    libinit.o(.ARM.Collect$$libinit$$00000000) refers (Special) to libinit2.o(.ARM.Collect$$libinit$$0000000E) for __rt_lib_init_rand_1
    libinit.o(.ARM.Collect$$libinit$$00000000) refers (Special) to libinit2.o(.ARM.Collect$$libinit$$00000033) for __rt_lib_init_return
    libinit.o(.ARM.Collect$$libinit$$00000000) refers (Special) to libinit2.o(.ARM.Collect$$libinit$$0000001D) for __rt_lib_init_signal_1
    libinit.o(.ARM.Collect$$libinit$$00000000) refers (Special) to libinit2.o(.ARM.Collect$$libinit$$00000025) for __rt_lib_init_stdio_1
    libinit.o(.ARM.Collect$$libinit$$00000000) refers (Special) to libinit2.o(.ARM.Collect$$libinit$$0000000C) for __rt_lib_init_user_alloc_1
    libspace.o(.text) refers to libspace.o(.bss) for __libspace_start
    rtexit.o(.ARM.Collect$$rtexit$$00000000) refers (Special) to rtexit2.o(.ARM.Collect$$rtexit$$00000004) for __rt_exit_exit
    rtexit.o(.ARM.Collect$$rtexit$$00000000) refers (Special) to rtexit2.o(.ARM.Collect$$rtexit$$00000003) for __rt_exit_ls
    rtexit.o(.ARM.Collect$$rtexit$$00000000) refers (Special) to rtexit2.o(.ARM.Collect$$rtexit$$00000002) for __rt_exit_prels_1
    rtexit.o(.ARM.exidx) refers (Special) to rtexit2.o(.ARM.Collect$$rtexit$$00000004) for __rt_exit_exit
    rtexit.o(.ARM.exidx) refers (Special) to rtexit2.o(.ARM.Collect$$rtexit$$00000003) for __rt_exit_ls
    rtexit.o(.ARM.exidx) refers (Special) to rtexit2.o(.ARM.Collect$$rtexit$$00000002) for __rt_exit_prels_1
    rtexit.o(.ARM.exidx) refers to rtexit.o(.ARM.Collect$$rtexit$$00000000) for .ARM.Collect$$rtexit$$00000000
    libinit2.o(.ARM.Collect$$libinit$$00000010) refers to libinit2.o(.ARM.Collect$$libinit$$0000000F) for .ARM.Collect$$libinit$$0000000F
    libinit2.o(.ARM.Collect$$libinit$$00000012) refers to libinit2.o(.ARM.Collect$$libinit$$0000000F) for .ARM.Collect$$libinit$$0000000F
    libinit2.o(.ARM.Collect$$libinit$$00000014) refers to libinit2.o(.ARM.Collect$$libinit$$0000000F) for .ARM.Collect$$libinit$$0000000F
    libinit2.o(.ARM.Collect$$libinit$$00000016) refers to libinit2.o(.ARM.Collect$$libinit$$0000000F) for .ARM.Collect$$libinit$$0000000F
    libinit2.o(.ARM.Collect$$libinit$$00000018) refers to libinit2.o(.ARM.Collect$$libinit$$0000000F) for .ARM.Collect$$libinit$$0000000F
    libinit2.o(.ARM.Collect$$libinit$$00000026) refers to argv_veneer.o(.emb_text) for __ARM_argv_veneer
    libinit2.o(.ARM.Collect$$libinit$$00000027) refers to argv_veneer.o(.emb_text) for __ARM_argv_veneer
    rtexit2.o(.ARM.Collect$$rtexit$$00000003) refers to libshutdown.o(.ARM.Collect$$libshutdown$$00000000) for __rt_lib_shutdown
    rtexit2.o(.ARM.Collect$$rtexit$$00000004) refers to sys_exit.o(.text) for _sys_exit
    rtexit2.o(.ARM.exidx) refers to rtexit2.o(.ARM.Collect$$rtexit$$00000001) for .ARM.Collect$$rtexit$$00000001
    rtexit2.o(.ARM.exidx) refers to rtexit2.o(.ARM.Collect$$rtexit$$00000003) for .ARM.Collect$$rtexit$$00000003
    rtexit2.o(.ARM.exidx) refers to rtexit2.o(.ARM.Collect$$rtexit$$00000004) for .ARM.Collect$$rtexit$$00000004
    argv_veneer.o(.emb_text) refers to no_argv.o(.text) for __ARM_get_argv
    sys_exit.o(.text) refers (Special) to use_no_semi.o(.text) for __I$use$semihosting
    sys_exit.o(.text) refers (Special) to indicate_semi.o(.text) for __semihosting_library_function
    _get_argv_nomalloc.o(.text) refers (Special) to hrguard.o(.text) for __heap_region$guard
    _get_argv_nomalloc.o(.text) refers to defsig_rtmem_outer.o(.text) for __rt_SIGRTMEM
    _get_argv_nomalloc.o(.text) refers to sys_command.o(.text) for _sys_command_string
    libshutdown.o(.ARM.Collect$$libshutdown$$00000000) refers (Special) to libshutdown2.o(.ARM.Collect$$libshutdown$$00000004) for __rt_lib_shutdown_cpp_1
    libshutdown.o(.ARM.Collect$$libshutdown$$00000000) refers (Special) to libshutdown2.o(.ARM.Collect$$libshutdown$$00000002) for __rt_lib_shutdown_fini_1
    libshutdown.o(.ARM.Collect$$libshutdown$$00000000) refers (Special) to libshutdown2.o(.ARM.Collect$$libshutdown$$00000009) for __rt_lib_shutdown_fp_trap_1
    libshutdown.o(.ARM.Collect$$libshutdown$$00000000) refers (Special) to libshutdown2.o(.ARM.Collect$$libshutdown$$00000011) for __rt_lib_shutdown_heap_1
    libshutdown.o(.ARM.Collect$$libshutdown$$00000000) refers (Special) to libshutdown2.o(.ARM.Collect$$libshutdown$$00000012) for __rt_lib_shutdown_return
    libshutdown.o(.ARM.Collect$$libshutdown$$00000000) refers (Special) to libshutdown2.o(.ARM.Collect$$libshutdown$$0000000C) for __rt_lib_shutdown_signal_1
    libshutdown.o(.ARM.Collect$$libshutdown$$00000000) refers (Special) to libshutdown2.o(.ARM.Collect$$libshutdown$$00000006) for __rt_lib_shutdown_stdio_1
    libshutdown.o(.ARM.Collect$$libshutdown$$00000000) refers (Special) to libshutdown2.o(.ARM.Collect$$libshutdown$$0000000E) for __rt_lib_shutdown_user_alloc_1
    sys_command.o(.text) refers (Special) to use_no_semi.o(.text) for __I$use$semihosting
    sys_command.o(.text) refers (Special) to indicate_semi.o(.text) for __semihosting_library_function
    defsig_rtmem_outer.o(.text) refers to defsig_rtmem_inner.o(.text) for __rt_SIGRTMEM_inner
    defsig_rtmem_outer.o(.text) refers to defsig_exit.o(.text) for __sig_exit
    defsig_rtmem_formal.o(.text) refers to rt_raise.o(.text) for __rt_raise
    rt_raise.o(.text) refers to __raise.o(.text) for __raise
    rt_raise.o(.text) refers to sys_exit.o(.text) for _sys_exit
    defsig_exit.o(.text) refers to sys_exit.o(.text) for _sys_exit
    defsig_rtmem_inner.o(.text) refers to defsig_general.o(.text) for __default_signal_display
    __raise.o(.text) refers to defsig.o(CL$$defsig) for __default_signal_handler
    defsig_general.o(.text) refers to sys_wrch.o(.text) for _ttywrch
    sys_wrch.o(.text) refers (Special) to use_no_semi.o(.text) for __I$use$semihosting
    sys_wrch.o(.text) refers (Special) to indicate_semi.o(.text) for __semihosting_library_function
    defsig.o(CL$$defsig) refers to defsig_rtmem_inner.o(.text) for __rt_SIGRTMEM_inner
    defsig_abrt_inner.o(.text) refers to defsig_general.o(.text) for __default_signal_display
    defsig_fpe_inner.o(.text) refers to defsig_general.o(.text) for __default_signal_display
    defsig_rtred_inner.o(.text) refers to defsig_general.o(.text) for __default_signal_display
    defsig_stak_inner.o(.text) refers to defsig_general.o(.text) for __default_signal_display
    defsig_pvfn_inner.o(.text) refers to defsig_general.o(.text) for __default_signal_display
    defsig_cppl_inner.o(.text) refers to defsig_general.o(.text) for __default_signal_display
    defsig_segv_inner.o(.text) refers to defsig_general.o(.text) for __default_signal_display
    defsig_other.o(.text) refers to defsig_general.o(.text) for __default_signal_display


==============================================================================

Removing Unused input sections from the image.

    Removing random.o(DATA), (4 bytes).
    Removing random.o(.text), (64 bytes).
    Removing sound.o(i.Sound_Chain), (2 bytes).
    Removing sound.o(i.Sound_Fastinvader1), (2 bytes).
    Removing sound.o(i.Sound_Fastinvader2), (2 bytes).
    Removing sound.o(i.Sound_Fastinvader3), (2 bytes).
    Removing sound.o(i.Sound_Fastinvader4), (2 bytes).
    Removing sound.o(i.Sound_Highpitch), (2 bytes).
    Removing sound.o(i.Sound_Stop), (16 bytes).
    Removing st7735.o(i.Output_Clear), (10 bytes).
    Removing st7735.o(i.Output_Color), (12 bytes).
    Removing st7735.o(i.Output_Off), (8 bytes).
    Removing st7735.o(i.Output_On), (8 bytes).
    Removing st7735.o(i.ST7735_Color565), (24 bytes).
    Removing st7735.o(i.ST7735_DrawChar), (272 bytes).
    Removing st7735.o(i.ST7735_DrawCircle), (172 bytes).
    Removing st7735.o(i.ST7735_DrawFastHLine), (124 bytes).
    Removing st7735.o(i.ST7735_DrawFastVLine), (124 bytes).
    Removing st7735.o(i.ST7735_DrawSmallCircle), (172 bytes).
    Removing st7735.o(i.ST7735_InitB), (40 bytes).
    Removing st7735.o(i.ST7735_InvertDisplay), (22 bytes).
    Removing st7735.o(i.ST7735_PlotBar), (88 bytes).
    Removing st7735.o(i.ST7735_PlotClear), (92 bytes).
    Removing st7735.o(i.ST7735_PlotLine), (264 bytes).
    Removing st7735.o(i.ST7735_PlotNext), (32 bytes).
    Removing st7735.o(i.ST7735_PlotNextErase), (64 bytes).
    Removing st7735.o(i.ST7735_PlotPoint), (152 bytes).
    Removing st7735.o(i.ST7735_PlotPoints), (172 bytes).
    Removing st7735.o(i.ST7735_PlotdBfs), (60 bytes).
    Removing st7735.o(i.ST7735_SetRotation), (212 bytes).
    Removing st7735.o(i.ST7735_SetTextColor), (12 bytes).
    Removing st7735.o(i.ST7735_SwapColor), (18 bytes).
    Removing st7735.o(i.deselect), (28 bytes).
    Removing st7735.o(i.ferror), (8 bytes).
    Removing st7735.o(i.fgetc), (6 bytes).
    Removing st7735.o(i.fputc), (16 bytes).
    Removing texas.o(i.PeriodicTask2_Stop), (36 bytes).
    Removing texas.o(i.TExaS_Stop), (8 bytes).
    Removing texas.o(i.UART0_InChar), (28 bytes).
    Removing texas.o(i.UART0_OutChar), (24 bytes).
    Removing texas.o(i.UART0_OutString), (22 bytes).

41 unused section(s) (total 2426 bytes) removed from the image.

==============================================================================

Image Symbol Table

    Local Symbols

    Symbol Name                              Value     Ov Type        Size  Object(Section)

    RESET                                    0x00000000   Section      644  startup.o(RESET)
    ../clib/angel/boardlib.s                 0x00000000   Number         0  boardinit2.o ABSOLUTE
    ../clib/angel/boardlib.s                 0x00000000   Number         0  boardinit3.o ABSOLUTE
    ../clib/angel/boardlib.s                 0x00000000   Number         0  boardinit1.o ABSOLUTE
    ../clib/angel/boardlib.s                 0x00000000   Number         0  boardshut.o ABSOLUTE
    ../clib/angel/handlers.s                 0x00000000   Number         0  __scatter_copy.o ABSOLUTE
    ../clib/angel/handlers.s                 0x00000000   Number         0  __scatter_zi.o ABSOLUTE
    ../clib/angel/kernel.s                   0x00000000   Number         0  rtexit.o ABSOLUTE
    ../clib/angel/kernel.s                   0x00000000   Number         0  __rtentry4.o ABSOLUTE
    ../clib/angel/kernel.s                   0x00000000   Number         0  __rtentry2.o ABSOLUTE
    ../clib/angel/kernel.s                   0x00000000   Number         0  __rtentry.o ABSOLUTE
    ../clib/angel/kernel.s                   0x00000000   Number         0  rtexit2.o ABSOLUTE
    ../clib/angel/rt.s                       0x00000000   Number         0  rt_raise.o ABSOLUTE
    ../clib/angel/scatter.s                  0x00000000   Number         0  __scatter.o ABSOLUTE
    ../clib/angel/startup.s                  0x00000000   Number         0  __main.o ABSOLUTE
    ../clib/angel/sys.s                      0x00000000   Number         0  libspace.o ABSOLUTE
    ../clib/angel/sys.s                      0x00000000   Number         0  use_no_semi.o ABSOLUTE
    ../clib/angel/sys.s                      0x00000000   Number         0  sys_stackheap_outer.o ABSOLUTE
    ../clib/angel/sys.s                      0x00000000   Number         0  indicate_semi.o ABSOLUTE
    ../clib/angel/sysapp.c                   0x00000000   Number         0  sys_command.o ABSOLUTE
    ../clib/angel/sysapp.c                   0x00000000   Number         0  sys_wrch.o ABSOLUTE
    ../clib/angel/sysapp.c                   0x00000000   Number         0  sys_exit.o ABSOLUTE
    ../clib/armsys.c                         0x00000000   Number         0  _get_argv_nomalloc.o ABSOLUTE
    ../clib/armsys.c                         0x00000000   Number         0  no_argv.o ABSOLUTE
    ../clib/armsys.c                         0x00000000   Number         0  argv_veneer.o ABSOLUTE
    ../clib/armsys.c                         0x00000000   Number         0  argv_veneer.o ABSOLUTE
    ../clib/heapalloc.c                      0x00000000   Number         0  hrguard.o ABSOLUTE
    ../clib/heapaux.c                        0x00000000   Number         0  heapauxi.o ABSOLUTE
    ../clib/libinit.s                        0x00000000   Number         0  libinit2.o ABSOLUTE
    ../clib/libinit.s                        0x00000000   Number         0  libinit.o ABSOLUTE
    ../clib/libinit.s                        0x00000000   Number         0  libshutdown.o ABSOLUTE
    ../clib/libinit.s                        0x00000000   Number         0  libshutdown2.o ABSOLUTE
    ../clib/signal.c                         0x00000000   Number         0  defsig_cppl_inner.o ABSOLUTE
    ../clib/signal.c                         0x00000000   Number         0  defsig_abrt_inner.o ABSOLUTE
    ../clib/signal.c                         0x00000000   Number         0  defsig_other.o ABSOLUTE
    ../clib/signal.c                         0x00000000   Number         0  defsig_segv_inner.o ABSOLUTE
    ../clib/signal.c                         0x00000000   Number         0  defsig_pvfn_inner.o ABSOLUTE
    ../clib/signal.c                         0x00000000   Number         0  defsig_stak_inner.o ABSOLUTE
    ../clib/signal.c                         0x00000000   Number         0  defsig_rtred_inner.o ABSOLUTE
    ../clib/signal.c                         0x00000000   Number         0  defsig_exit.o ABSOLUTE
    ../clib/signal.c                         0x00000000   Number         0  defsig_rtmem_formal.o ABSOLUTE
    ../clib/signal.c                         0x00000000   Number         0  defsig_rtmem_inner.o ABSOLUTE
    ../clib/signal.c                         0x00000000   Number         0  __raise.o ABSOLUTE
    ../clib/signal.c                         0x00000000   Number         0  defsig_general.o ABSOLUTE
    ../clib/signal.c                         0x00000000   Number         0  defsig_fpe_inner.o ABSOLUTE
    ../clib/signal.c                         0x00000000   Number         0  defsig_rtmem_outer.o ABSOLUTE
    ../clib/signal.s                         0x00000000   Number         0  defsig.o ABSOLUTE
    ../clib/stdlib.c                         0x00000000   Number         0  exit.o ABSOLUTE
    ../fplib/fpinit.s                        0x00000000   Number         0  fpinit.o ABSOLUTE
    ADC.c                                    0x00000000   Number         0  adc.o ABSOLUTE
    DAC.c                                    0x00000000   Number         0  dac.o ABSOLUTE
    EdgeInterrupt.c                          0x00000000   Number         0  edgeinterrupt.o ABSOLUTE
    GoldMiner.c                              0x00000000   Number         0  goldminer.o ABSOLUTE
    LCD.s                                    0x00000000   Number         0  lcd.o ABSOLUTE
    PLL.c                                    0x00000000   Number         0  pll.o ABSOLUTE
    Print.s                                  0x00000000   Number         0  print.o ABSOLUTE
    ST7735.c                                 0x00000000   Number         0  st7735.o ABSOLUTE
    Sound.c                                  0x00000000   Number         0  sound.o ABSOLUTE
    SysTick.c                                0x00000000   Number         0  systick.o ABSOLUTE
    TExaS.c                                  0x00000000   Number         0  texas.o ABSOLUTE
    Timer0.c                                 0x00000000   Number         0  timer0.o ABSOLUTE
    Timer1.c                                 0x00000000   Number         0  timer1.o ABSOLUTE
    Timer2.c                                 0x00000000   Number         0  timer2.o ABSOLUTE
    dc.s                                     0x00000000   Number         0  dc.o ABSOLUTE
    random.s                                 0x00000000   Number         0  random.o ABSOLUTE
    startup.s                                0x00000000   Number         0  startup.o ABSOLUTE
    !!!main                                  0x00000284   Section        8  __main.o(!!!main)
    !!!scatter                               0x0000028c   Section       52  __scatter.o(!!!scatter)
    !!handler_copy                           0x000002c0   Section       26  __scatter_copy.o(!!handler_copy)
    !!handler_zi                             0x000002dc   Section       28  __scatter_zi.o(!!handler_zi)
    .ARM.Collect$$libinit$$00000000          0x000002f8   Section        2  libinit.o(.ARM.Collect$$libinit$$00000000)
    .ARM.Collect$$libinit$$00000002          0x000002fa   Section        0  libinit2.o(.ARM.Collect$$libinit$$00000002)
    .ARM.Collect$$libinit$$00000004          0x000002fa   Section        0  libinit2.o(.ARM.Collect$$libinit$$00000004)
    .ARM.Collect$$libinit$$0000000A          0x000002fa   Section        0  libinit2.o(.ARM.Collect$$libinit$$0000000A)
    .ARM.Collect$$libinit$$0000000C          0x000002fa   Section        0  libinit2.o(.ARM.Collect$$libinit$$0000000C)
    .ARM.Collect$$libinit$$0000000E          0x000002fa   Section        0  libinit2.o(.ARM.Collect$$libinit$$0000000E)
    .ARM.Collect$$libinit$$00000011          0x000002fa   Section        0  libinit2.o(.ARM.Collect$$libinit$$00000011)
    .ARM.Collect$$libinit$$00000013          0x000002fa   Section        0  libinit2.o(.ARM.Collect$$libinit$$00000013)
    .ARM.Collect$$libinit$$00000015          0x000002fa   Section        0  libinit2.o(.ARM.Collect$$libinit$$00000015)
    .ARM.Collect$$libinit$$00000017          0x000002fa   Section        0  libinit2.o(.ARM.Collect$$libinit$$00000017)
    .ARM.Collect$$libinit$$00000019          0x000002fa   Section        0  libinit2.o(.ARM.Collect$$libinit$$00000019)
    .ARM.Collect$$libinit$$0000001B          0x000002fa   Section        0  libinit2.o(.ARM.Collect$$libinit$$0000001B)
    .ARM.Collect$$libinit$$0000001D          0x000002fa   Section        0  libinit2.o(.ARM.Collect$$libinit$$0000001D)
    .ARM.Collect$$libinit$$0000001F          0x000002fa   Section        0  libinit2.o(.ARM.Collect$$libinit$$0000001F)
    .ARM.Collect$$libinit$$00000021          0x000002fa   Section        0  libinit2.o(.ARM.Collect$$libinit$$00000021)
    .ARM.Collect$$libinit$$00000023          0x000002fa   Section        0  libinit2.o(.ARM.Collect$$libinit$$00000023)
    .ARM.Collect$$libinit$$00000025          0x000002fa   Section        0  libinit2.o(.ARM.Collect$$libinit$$00000025)
    .ARM.Collect$$libinit$$0000002C          0x000002fa   Section        0  libinit2.o(.ARM.Collect$$libinit$$0000002C)
    .ARM.Collect$$libinit$$0000002E          0x000002fa   Section        0  libinit2.o(.ARM.Collect$$libinit$$0000002E)
    .ARM.Collect$$libinit$$00000030          0x000002fa   Section        0  libinit2.o(.ARM.Collect$$libinit$$00000030)
    .ARM.Collect$$libinit$$00000032          0x000002fa   Section        0  libinit2.o(.ARM.Collect$$libinit$$00000032)
    .ARM.Collect$$libinit$$00000033          0x000002fa   Section        2  libinit2.o(.ARM.Collect$$libinit$$00000033)
    .ARM.Collect$$libshutdown$$00000000      0x000002fc   Section        2  libshutdown.o(.ARM.Collect$$libshutdown$$00000000)
    .ARM.Collect$$libshutdown$$00000002      0x000002fe   Section        0  libshutdown2.o(.ARM.Collect$$libshutdown$$00000002)
    .ARM.Collect$$libshutdown$$00000004      0x000002fe   Section        0  libshutdown2.o(.ARM.Collect$$libshutdown$$00000004)
    .ARM.Collect$$libshutdown$$00000006      0x000002fe   Section        0  libshutdown2.o(.ARM.Collect$$libshutdown$$00000006)
    .ARM.Collect$$libshutdown$$00000009      0x000002fe   Section        0  libshutdown2.o(.ARM.Collect$$libshutdown$$00000009)
    .ARM.Collect$$libshutdown$$0000000C      0x000002fe   Section        0  libshutdown2.o(.ARM.Collect$$libshutdown$$0000000C)
    .ARM.Collect$$libshutdown$$0000000E      0x000002fe   Section        0  libshutdown2.o(.ARM.Collect$$libshutdown$$0000000E)
    .ARM.Collect$$libshutdown$$00000011      0x000002fe   Section        0  libshutdown2.o(.ARM.Collect$$libshutdown$$00000011)
    .ARM.Collect$$libshutdown$$00000012      0x000002fe   Section        2  libshutdown2.o(.ARM.Collect$$libshutdown$$00000012)
    .ARM.Collect$$rtentry$$00000000          0x00000300   Section        0  __rtentry.o(.ARM.Collect$$rtentry$$00000000)
    .ARM.Collect$$rtentry$$00000002          0x00000300   Section        0  __rtentry2.o(.ARM.Collect$$rtentry$$00000002)
    .ARM.Collect$$rtentry$$00000004          0x00000300   Section        6  __rtentry4.o(.ARM.Collect$$rtentry$$00000004)
    .ARM.Collect$$rtentry$$00000009          0x00000306   Section        0  __rtentry2.o(.ARM.Collect$$rtentry$$00000009)
    .ARM.Collect$$rtentry$$0000000A          0x00000306   Section        4  __rtentry2.o(.ARM.Collect$$rtentry$$0000000A)
    .ARM.Collect$$rtentry$$0000000C          0x0000030a   Section        0  __rtentry2.o(.ARM.Collect$$rtentry$$0000000C)
    .ARM.Collect$$rtentry$$0000000D          0x0000030a   Section        8  __rtentry2.o(.ARM.Collect$$rtentry$$0000000D)
    .ARM.Collect$$rtexit$$00000000           0x00000312   Section        2  rtexit.o(.ARM.Collect$$rtexit$$00000000)
    .ARM.Collect$$rtexit$$00000002           0x00000314   Section        0  rtexit2.o(.ARM.Collect$$rtexit$$00000002)
    .ARM.Collect$$rtexit$$00000003           0x00000314   Section        4  rtexit2.o(.ARM.Collect$$rtexit$$00000003)
    .ARM.Collect$$rtexit$$00000004           0x00000318   Section        6  rtexit2.o(.ARM.Collect$$rtexit$$00000004)
    .text                                    0x00000320   Section       48  startup.o(.text)
    .text                                    0x00000350   Section       84  lcd.o(.text)
    .text                                    0x000003a4   Section      296  print.o(.text)
    .text                                    0x000004cc   Section        0  heapauxi.o(.text)
    .text                                    0x000004d2   Section       74  sys_stackheap_outer.o(.text)
    .text                                    0x0000051c   Section        0  exit.o(.text)
    .text                                    0x00000530   Section        8  libspace.o(.text)
    .text                                    0x00000538   Section        0  sys_exit.o(.text)
    .text                                    0x00000544   Section        2  use_no_semi.o(.text)
    .text                                    0x00000546   Section        0  indicate_semi.o(.text)
    i.ADC1_Init                              0x00000548   Section        0  texas.o(i.ADC1_Init)
    i.ADC_In                                 0x00000610   Section        0  adc.o(i.ADC_In)
    i.ADC_Init                               0x0000063c   Section        0  adc.o(i.ADC_Init)
    i.Collision                              0x00000724   Section        0  goldminer.o(i.Collision)
    i.Convert                                0x000007bc   Section        0  goldminer.o(i.Convert)
    i.DAC_Init                               0x000007c8   Section        0  dac.o(i.DAC_Init)
    i.DAC_Out                                0x00000820   Section        0  dac.o(i.DAC_Out)
    i.Delay1ms                               0x0000082c   Section        0  st7735.o(i.Delay1ms)
    i.DeleteGold                             0x0000084c   Section        0  goldminer.o(i.DeleteGold)
    i.EdgeTrigger_Init                       0x0000089c   Section        0  edgeinterrupt.o(i.EdgeTrigger_Init)
    i.GPIOPortE_Handler                      0x00000960   Section        0  goldminer.o(i.GPIOPortE_Handler)
    i.GameOver                               0x000009e4   Section        0  goldminer.o(i.GameOver)
    i.GrapplerMove                           0x00000a34   Section        0  goldminer.o(i.GrapplerMove)
    i.GrapplerMoveUp                         0x00000a60   Section        0  goldminer.o(i.GrapplerMoveUp)
    i.GrapplerMoveUpGold                     0x00000aa8   Section        0  goldminer.o(i.GrapplerMoveUpGold)
    i.LevelComplete                          0x00000af4   Section        0  goldminer.o(i.LevelComplete)
    i.LogicAnalyzerA                         0x00000b68   Section        0  texas.o(i.LogicAnalyzerA)
    i.LogicAnalyzerB                         0x00000b80   Section        0  texas.o(i.LogicAnalyzerB)
    i.LogicAnalyzerC                         0x00000b98   Section        0  texas.o(i.LogicAnalyzerC)
    i.LogicAnalyzerE                         0x00000bb0   Section        0  texas.o(i.LogicAnalyzerE)
    i.LogicAnalyzerF                         0x00000bc8   Section        0  texas.o(i.LogicAnalyzerF)
    i.MoveCart                               0x00000be0   Section        0  goldminer.o(i.MoveCart)
    i.Output_Init                            0x00000c9c   Section        0  st7735.o(i.Output_Init)
    i.PLL_Init                               0x00000cac   Section        0  pll.o(i.PLL_Init)
    i.PeriodicTask2_Init                     0x00000d28   Section        0  texas.o(i.PeriodicTask2_Init)
    i.ST7735_DrawBitmap                      0x00000dbc   Section        0  st7735.o(i.ST7735_DrawBitmap)
    i.ST7735_DrawCharS                       0x00000edc   Section        0  st7735.o(i.ST7735_DrawCharS)
    i.ST7735_DrawPixel                       0x00000fd4   Section        0  st7735.o(i.ST7735_DrawPixel)
    i.ST7735_DrawString                      0x0000101c   Section        0  st7735.o(i.ST7735_DrawString)
    i.ST7735_FillRect                        0x00001070   Section        0  st7735.o(i.ST7735_FillRect)
    i.ST7735_FillScreen                      0x0000111c   Section        0  st7735.o(i.ST7735_FillScreen)
    i.ST7735_InitR                           0x00001140   Section        0  st7735.o(i.ST7735_InitR)
    i.ST7735_OutChar                         0x000011bc   Section        0  st7735.o(i.ST7735_OutChar)
    i.ST7735_OutString                       0x00001290   Section        0  st7735.o(i.ST7735_OutString)
    i.ST7735_OutUDec                         0x000012a8   Section        0  st7735.o(i.ST7735_OutUDec)
    i.ST7735_SetCursor                       0x00001334   Section        0  st7735.o(i.ST7735_SetCursor)
    i.Scope                                  0x00001354   Section        0  texas.o(i.Scope)
    i.Sound_Gold                             0x00001368   Section        0  sound.o(i.Sound_Gold)
    i.Sound_Init                             0x0000137c   Section        0  sound.o(i.Sound_Init)
    i.Sound_Rock                             0x00001398   Section        0  sound.o(i.Sound_Rock)
    i.Sound_Start                            0x000013ac   Section        0  sound.o(i.Sound_Start)
    i.SysTick_Init                           0x000013cc   Section        0  systick.o(i.SysTick_Init)
    i.SysTick_Wait                           0x000013e4   Section        0  systick.o(i.SysTick_Wait)
    i.SysTick_Wait100ms                      0x00001404   Section        0  systick.o(i.SysTick_Wait100ms)
    i.TExaS_Init                             0x00001420   Section        0  texas.o(i.TExaS_Init)
    i.Timer0A_Handler                        0x00001518   Section        0  sound.o(i.Timer0A_Handler)
    i.Timer0_Init                            0x00001568   Section        0  timer0.o(i.Timer0_Init)
    i.Timer1A_Handler                        0x000015c8   Section        0  goldminer.o(i.Timer1A_Handler)
    i.Timer1_Init                            0x000015ec   Section        0  timer1.o(i.Timer1_Init)
    i.Timer2A_Handler                        0x0000164c   Section        0  timer2.o(i.Timer2A_Handler)
    i.Timer2_Init                            0x00001664   Section        0  timer2.o(i.Timer2_Init)
    i.Timer5A_Handler                        0x000016c4   Section        0  texas.o(i.Timer5A_Handler)
    i.UART0_Init                             0x000016dc   Section        0  texas.o(i.UART0_Init)
    i.Welcome                                0x00001764   Section        0  goldminer.o(i.Welcome)
    i.commandList                            0x00001840   Section        0  st7735.o(i.commandList)
    commandList                              0x00001841   Thumb Code    86  st7735.o(i.commandList)
    i.commonInit                             0x00001898   Section        0  st7735.o(i.commonInit)
    commonInit                               0x00001899   Thumb Code   342  st7735.o(i.commonInit)
    i.fillmessage                            0x00001a20   Section        0  st7735.o(i.fillmessage)
    i.main                                   0x00001a68   Section        0  goldminer.o(i.main)
    i.printScore                             0x00001c74   Section        0  goldminer.o(i.printScore)
    i.printTime                              0x00001c88   Section        0  goldminer.o(i.printTime)
    i.pushColor                              0x00001cb8   Section        0  st7735.o(i.pushColor)
    pushColor                                0x00001cb9   Thumb Code    18  st7735.o(i.pushColor)
    i.setAddrWindow                          0x00001ccc   Section        0  st7735.o(i.setAddrWindow)
    setAddrWindow                            0x00001ccd   Thumb Code   106  st7735.o(i.setAddrWindow)
    i.spawn                                  0x00001d40   Section        0  goldminer.o(i.spawn)
    i.timeDisplay                            0x00001eb0   Section        0  goldminer.o(i.timeDisplay)
    .constdata                               0x00001ec8   Section     6440  sound.o(.constdata)
    .constdata                               0x000037f0   Section     2114  st7735.o(.constdata)
    Font                                     0x000037f0   Data        1275  st7735.o(.constdata)
    Bcmd                                     0x00003ceb   Data         103  st7735.o(.constdata)
    Rcmd1                                    0x00003d52   Data          59  st7735.o(.constdata)
    Rcmd2green                               0x00003d8d   Data          13  st7735.o(.constdata)
    Rcmd2red                                 0x00003d9a   Data          13  st7735.o(.constdata)
    Rcmd3                                    0x00003da7   Data          43  st7735.o(.constdata)
    .constdata                               0x00004034   Section    15924  goldminer.o(.constdata)
    .data                                    0x20000000   Section        8  sound.o(.data)
    .data                                    0x20000008   Section       44  st7735.o(.data)
    ColStart                                 0x20000012   Data           1  st7735.o(.data)
    RowStart                                 0x20000013   Data           1  st7735.o(.data)
    Rotation                                 0x20000014   Data           1  st7735.o(.data)
    TabColor                                 0x20000015   Data           1  st7735.o(.data)
    _width                                   0x20000016   Data           2  st7735.o(.data)
    _height                                  0x20000018   Data           2  st7735.o(.data)
    .data                                    0x20000034   Section        4  texas.o(.data)
    .data                                    0x20000038   Section      120  goldminer.o(.data)
    last                                     0x200000a8   Data           4  goldminer.o(.data)
    last2                                    0x200000ac   Data           4  goldminer.o(.data)
    .data                                    0x200000b0   Section        4  edgeinterrupt.o(.data)
    .data                                    0x200000b4   Section        4  timer2.o(.data)
    .bss                                     0x200000b8   Section       12  st7735.o(.bss)
    .bss                                     0x200000c4   Section      112  goldminer.o(.bss)
    .bss                                     0x20000134   Section       96  libspace.o(.bss)
    HEAP                                     0x20000198   Section        0  startup.o(HEAP)
    STACK                                    0x20000198   Section     1024  startup.o(STACK)
    HeapMem                                  0x20000198   Data           0  startup.o(HEAP)
    StackMem                                 0x20000198   Data           0  startup.o(STACK)

    Global Symbols

    Symbol Name                              Value     Ov Type        Size  Object(Section)

    BuildAttributes$$THM_ISAv4$E$P$D$K$B$S$7EM$PE$A:L22UL41UL21$X:L11$S22US41US21$IEEE1$IW$USESV6$~STKCKD$USESV7$~SHL$OSPACE$ROPI$EBA8$UX$STANDARDLIB$REQ8$PRES8$EABIv2 0x00000000   Number         0  anon$$obj.o ABSOLUTE
    __ARM_use_no_argv                        0x00000000   Number         0  goldminer.o ABSOLUTE
    __Vectors                                0x00000000   Data           0  startup.o(RESET)
    __ARM_exceptions_init                     - Undefined Weak Reference
    __alloca_initialize                       - Undefined Weak Reference
    __arm_fini_                               - Undefined Weak Reference
    __arm_preinit_                            - Undefined Weak Reference
    __cpp_initialize__aeabi_                  - Undefined Weak Reference
    __cxa_finalize                            - Undefined Weak Reference
    __rt_locale                               - Undefined Weak Reference
    __sigvec_lookup                           - Undefined Weak Reference
    _atexit_init                              - Undefined Weak Reference
    _call_atexit_fns                          - Undefined Weak Reference
    _clock_init                               - Undefined Weak Reference
    _fp_trap_init                             - Undefined Weak Reference
    _fp_trap_shutdown                         - Undefined Weak Reference
    _get_lc_collate                           - Undefined Weak Reference
    _get_lc_ctype                             - Undefined Weak Reference
    _get_lc_monetary                          - Undefined Weak Reference
    _get_lc_numeric                           - Undefined Weak Reference
    _get_lc_time                              - Undefined Weak Reference
    _getenv_init                              - Undefined Weak Reference
    _handle_redirection                       - Undefined Weak Reference
    _init_alloc                               - Undefined Weak Reference
    _init_user_alloc                          - Undefined Weak Reference
    _initio                                   - Undefined Weak Reference
    _rand_init                                - Undefined Weak Reference
    _signal_finish                            - Undefined Weak Reference
    _signal_init                              - Undefined Weak Reference
    _terminate_alloc                          - Undefined Weak Reference
    _terminate_user_alloc                     - Undefined Weak Reference
    _terminateio                              - Undefined Weak Reference
    Reset_Handler                            0x0000026d   Thumb Code     0  startup.o(RESET)
    NMI_Handler                              0x00000271   Thumb Code     2  startup.o(RESET)
    HardFault_Handler                        0x00000273   Thumb Code     2  startup.o(RESET)
    MemManage_Handler                        0x00000275   Thumb Code     2  startup.o(RESET)
    BusFault_Handler                         0x00000277   Thumb Code     2  startup.o(RESET)
    UsageFault_Handler                       0x00000279   Thumb Code     2  startup.o(RESET)
    SVC_Handler                              0x0000027b   Thumb Code     2  startup.o(RESET)
    DebugMon_Handler                         0x0000027d   Thumb Code     2  startup.o(RESET)
    PendSV_Handler                           0x0000027f   Thumb Code     2  startup.o(RESET)
    SysTick_Handler                          0x00000281   Thumb Code     2  startup.o(RESET)
    ADC0Seq0_Handler                         0x00000283   Thumb Code     0  startup.o(RESET)
    ADC0Seq1_Handler                         0x00000283   Thumb Code     0  startup.o(RESET)
    ADC0Seq2_Handler                         0x00000283   Thumb Code     0  startup.o(RESET)
    ADC0Seq3_Handler                         0x00000283   Thumb Code     0  startup.o(RESET)
    ADC1Seq0_Handler                         0x00000283   Thumb Code     0  startup.o(RESET)
    ADC1Seq1_Handler                         0x00000283   Thumb Code     0  startup.o(RESET)
    ADC1Seq2_Handler                         0x00000283   Thumb Code     0  startup.o(RESET)
    ADC1Seq3_Handler                         0x00000283   Thumb Code     0  startup.o(RESET)
    CAN0_Handler                             0x00000283   Thumb Code     0  startup.o(RESET)
    CAN1_Handler                             0x00000283   Thumb Code     0  startup.o(RESET)
    CAN2_Handler                             0x00000283   Thumb Code     0  startup.o(RESET)
    Comp0_Handler                            0x00000283   Thumb Code     0  startup.o(RESET)
    Comp1_Handler                            0x00000283   Thumb Code     0  startup.o(RESET)
    Comp2_Handler                            0x00000283   Thumb Code     0  startup.o(RESET)
    Ethernet_Handler                         0x00000283   Thumb Code     0  startup.o(RESET)
    ExtBus_Handler                           0x00000283   Thumb Code     0  startup.o(RESET)
    FPU_Handler                              0x00000283   Thumb Code     0  startup.o(RESET)
    Fan0_Handler                             0x00000283   Thumb Code     0  startup.o(RESET)
    FlashCtl_Handler                         0x00000283   Thumb Code     0  startup.o(RESET)
    GPIOPortA_Handler                        0x00000283   Thumb Code     0  startup.o(RESET)
    GPIOPortB_Handler                        0x00000283   Thumb Code     0  startup.o(RESET)
    GPIOPortC_Handler                        0x00000283   Thumb Code     0  startup.o(RESET)
    GPIOPortD_Handler                        0x00000283   Thumb Code     0  startup.o(RESET)
    GPIOPortF_Handler                        0x00000283   Thumb Code     0  startup.o(RESET)
    GPIOPortG_Handler                        0x00000283   Thumb Code     0  startup.o(RESET)
    GPIOPortH_Handler                        0x00000283   Thumb Code     0  startup.o(RESET)
    GPIOPortJ_Handler                        0x00000283   Thumb Code     0  startup.o(RESET)
    GPIOPortK_Handler                        0x00000283   Thumb Code     0  startup.o(RESET)
    GPIOPortL_Handler                        0x00000283   Thumb Code     0  startup.o(RESET)
    GPIOPortM_Handler                        0x00000283   Thumb Code     0  startup.o(RESET)
    GPIOPortN_Handler                        0x00000283   Thumb Code     0  startup.o(RESET)
    GPIOPortP1_Handler                       0x00000283   Thumb Code     0  startup.o(RESET)
    GPIOPortP2_Handler                       0x00000283   Thumb Code     0  startup.o(RESET)
    GPIOPortP3_Handler                       0x00000283   Thumb Code     0  startup.o(RESET)
    GPIOPortP4_Handler                       0x00000283   Thumb Code     0  startup.o(RESET)
    GPIOPortP5_Handler                       0x00000283   Thumb Code     0  startup.o(RESET)
    GPIOPortP6_Handler                       0x00000283   Thumb Code     0  startup.o(RESET)
    GPIOPortP7_Handler                       0x00000283   Thumb Code     0  startup.o(RESET)
    GPIOPortP_Handler                        0x00000283   Thumb Code     0  startup.o(RESET)
    GPIOPortQ1_Handler                       0x00000283   Thumb Code     0  startup.o(RESET)
    GPIOPortQ2_Handler                       0x00000283   Thumb Code     0  startup.o(RESET)
    GPIOPortQ3_Handler                       0x00000283   Thumb Code     0  startup.o(RESET)
    GPIOPortQ4_Handler                       0x00000283   Thumb Code     0  startup.o(RESET)
    GPIOPortQ5_Handler                       0x00000283   Thumb Code     0  startup.o(RESET)
    GPIOPortQ6_Handler                       0x00000283   Thumb Code     0  startup.o(RESET)
    GPIOPortQ7_Handler                       0x00000283   Thumb Code     0  startup.o(RESET)
    GPIOPortQ_Handler                        0x00000283   Thumb Code     0  startup.o(RESET)
    GPIOPortR_Handler                        0x00000283   Thumb Code     0  startup.o(RESET)
    GPIOPortS_Handler                        0x00000283   Thumb Code     0  startup.o(RESET)
    Hibernate_Handler                        0x00000283   Thumb Code     0  startup.o(RESET)
    I2C0_Handler                             0x00000283   Thumb Code     0  startup.o(RESET)
    I2C1_Handler                             0x00000283   Thumb Code     0  startup.o(RESET)
    I2C2_Handler                             0x00000283   Thumb Code     0  startup.o(RESET)
    I2C3_Handler                             0x00000283   Thumb Code     0  startup.o(RESET)
    I2C4_Handler                             0x00000283   Thumb Code     0  startup.o(RESET)
    I2C5_Handler                             0x00000283   Thumb Code     0  startup.o(RESET)
    I2S0_Handler                             0x00000283   Thumb Code     0  startup.o(RESET)
    LPC0_Handler                             0x00000283   Thumb Code     0  startup.o(RESET)
    PECI0_Handler                            0x00000283   Thumb Code     0  startup.o(RESET)
    PWM0Fault_Handler                        0x00000283   Thumb Code     0  startup.o(RESET)
    PWM0Generator0_Handler                   0x00000283   Thumb Code     0  startup.o(RESET)
    PWM0Generator1_Handler                   0x00000283   Thumb Code     0  startup.o(RESET)
    PWM0Generator2_Handler                   0x00000283   Thumb Code     0  startup.o(RESET)
    PWM0Generator3_Handler                   0x00000283   Thumb Code     0  startup.o(RESET)
    PWM1Fault_Handler                        0x00000283   Thumb Code     0  startup.o(RESET)
    PWM1Generator0_Handler                   0x00000283   Thumb Code     0  startup.o(RESET)
    PWM1Generator1_Handler                   0x00000283   Thumb Code     0  startup.o(RESET)
    PWM1Generator2_Handler                   0x00000283   Thumb Code     0  startup.o(RESET)
    PWM1Generator3_Handler                   0x00000283   Thumb Code     0  startup.o(RESET)
    Quadrature0_Handler                      0x00000283   Thumb Code     0  startup.o(RESET)
    Quadrature1_Handler                      0x00000283   Thumb Code     0  startup.o(RESET)
    Quadrature2_Handler                      0x00000283   Thumb Code     0  startup.o(RESET)
    SSI0_Handler                             0x00000283   Thumb Code     0  startup.o(RESET)
    SSI1_Handler                             0x00000283   Thumb Code     0  startup.o(RESET)
    SSI2_Handler                             0x00000283   Thumb Code     0  startup.o(RESET)
    SSI3_Handler                             0x00000283   Thumb Code     0  startup.o(RESET)
    SysCtl_Handler                           0x00000283   Thumb Code     0  startup.o(RESET)
    Timer0B_Handler                          0x00000283   Thumb Code     0  startup.o(RESET)
    Timer1B_Handler                          0x00000283   Thumb Code     0  startup.o(RESET)
    Timer2B_Handler                          0x00000283   Thumb Code     0  startup.o(RESET)
    Timer3A_Handler                          0x00000283   Thumb Code     0  startup.o(RESET)
    Timer3B_Handler                          0x00000283   Thumb Code     0  startup.o(RESET)
    Timer4A_Handler                          0x00000283   Thumb Code     0  startup.o(RESET)
    Timer4B_Handler                          0x00000283   Thumb Code     0  startup.o(RESET)
    Timer5B_Handler                          0x00000283   Thumb Code     0  startup.o(RESET)
    UART0_Handler                            0x00000283   Thumb Code     0  startup.o(RESET)
    UART1_Handler                            0x00000283   Thumb Code     0  startup.o(RESET)
    UART2_Handler                            0x00000283   Thumb Code     0  startup.o(RESET)
    UART3_Handler                            0x00000283   Thumb Code     0  startup.o(RESET)
    UART4_Handler                            0x00000283   Thumb Code     0  startup.o(RESET)
    UART5_Handler                            0x00000283   Thumb Code     0  startup.o(RESET)
    UART6_Handler                            0x00000283   Thumb Code     0  startup.o(RESET)
    UART7_Handler                            0x00000283   Thumb Code     0  startup.o(RESET)
    USB0_Handler                             0x00000283   Thumb Code     0  startup.o(RESET)
    WDT_Handler                              0x00000283   Thumb Code     0  startup.o(RESET)
    WideTimer0A_Handler                      0x00000283   Thumb Code     0  startup.o(RESET)
    WideTimer0B_Handler                      0x00000283   Thumb Code     0  startup.o(RESET)
    WideTimer1A_Handler                      0x00000283   Thumb Code     0  startup.o(RESET)
    WideTimer1B_Handler                      0x00000283   Thumb Code     0  startup.o(RESET)
    WideTimer2A_Handler                      0x00000283   Thumb Code     0  startup.o(RESET)
    WideTimer2B_Handler                      0x00000283   Thumb Code     0  startup.o(RESET)
    WideTimer3A_Handler                      0x00000283   Thumb Code     0  startup.o(RESET)
    WideTimer3B_Handler                      0x00000283   Thumb Code     0  startup.o(RESET)
    WideTimer4A_Handler                      0x00000283   Thumb Code     0  startup.o(RESET)
    WideTimer4B_Handler                      0x00000283   Thumb Code     0  startup.o(RESET)
    WideTimer5A_Handler                      0x00000283   Thumb Code     0  startup.o(RESET)
    WideTimer5B_Handler                      0x00000283   Thumb Code     0  startup.o(RESET)
    uDMA_Error                               0x00000283   Thumb Code     0  startup.o(RESET)
    uDMA_Handler                             0x00000283   Thumb Code     0  startup.o(RESET)
    __main                                   0x00000285   Thumb Code     8  __main.o(!!!main)
    __scatterload                            0x0000028d   Thumb Code     0  __scatter.o(!!!scatter)
    __scatterload_rt2                        0x0000028d   Thumb Code    44  __scatter.o(!!!scatter)
    __scatterload_rt2_thumb_only             0x0000028d   Thumb Code     0  __scatter.o(!!!scatter)
    __scatterload_null                       0x0000029b   Thumb Code     0  __scatter.o(!!!scatter)
    __scatterload_copy                       0x000002c1   Thumb Code    26  __scatter_copy.o(!!handler_copy)
    __scatterload_zeroinit                   0x000002dd   Thumb Code    28  __scatter_zi.o(!!handler_zi)
    __rt_lib_init                            0x000002f9   Thumb Code     0  libinit.o(.ARM.Collect$$libinit$$00000000)
    __rt_lib_init_alloca_1                   0x000002fb   Thumb Code     0  libinit2.o(.ARM.Collect$$libinit$$0000002E)
    __rt_lib_init_argv_1                     0x000002fb   Thumb Code     0  libinit2.o(.ARM.Collect$$libinit$$0000002C)
    __rt_lib_init_atexit_1                   0x000002fb   Thumb Code     0  libinit2.o(.ARM.Collect$$libinit$$0000001B)
    __rt_lib_init_clock_1                    0x000002fb   Thumb Code     0  libinit2.o(.ARM.Collect$$libinit$$00000021)
    __rt_lib_init_cpp_1                      0x000002fb   Thumb Code     0  libinit2.o(.ARM.Collect$$libinit$$00000032)
    __rt_lib_init_exceptions_1               0x000002fb   Thumb Code     0  libinit2.o(.ARM.Collect$$libinit$$00000030)
    __rt_lib_init_fp_1                       0x000002fb   Thumb Code     0  libinit2.o(.ARM.Collect$$libinit$$00000002)
    __rt_lib_init_fp_trap_1                  0x000002fb   Thumb Code     0  libinit2.o(.ARM.Collect$$libinit$$0000001F)
    __rt_lib_init_getenv_1                   0x000002fb   Thumb Code     0  libinit2.o(.ARM.Collect$$libinit$$00000023)
    __rt_lib_init_heap_1                     0x000002fb   Thumb Code     0  libinit2.o(.ARM.Collect$$libinit$$0000000A)
    __rt_lib_init_lc_collate_1               0x000002fb   Thumb Code     0  libinit2.o(.ARM.Collect$$libinit$$00000011)
    __rt_lib_init_lc_ctype_1                 0x000002fb   Thumb Code     0  libinit2.o(.ARM.Collect$$libinit$$00000013)
    __rt_lib_init_lc_monetary_1              0x000002fb   Thumb Code     0  libinit2.o(.ARM.Collect$$libinit$$00000015)
    __rt_lib_init_lc_numeric_1               0x000002fb   Thumb Code     0  libinit2.o(.ARM.Collect$$libinit$$00000017)
    __rt_lib_init_lc_time_1                  0x000002fb   Thumb Code     0  libinit2.o(.ARM.Collect$$libinit$$00000019)
    __rt_lib_init_preinit_1                  0x000002fb   Thumb Code     0  libinit2.o(.ARM.Collect$$libinit$$00000004)
    __rt_lib_init_rand_1                     0x000002fb   Thumb Code     0  libinit2.o(.ARM.Collect$$libinit$$0000000E)
    __rt_lib_init_return                     0x000002fb   Thumb Code     0  libinit2.o(.ARM.Collect$$libinit$$00000033)
    __rt_lib_init_signal_1                   0x000002fb   Thumb Code     0  libinit2.o(.ARM.Collect$$libinit$$0000001D)
    __rt_lib_init_stdio_1                    0x000002fb   Thumb Code     0  libinit2.o(.ARM.Collect$$libinit$$00000025)
    __rt_lib_init_user_alloc_1               0x000002fb   Thumb Code     0  libinit2.o(.ARM.Collect$$libinit$$0000000C)
    __rt_lib_shutdown                        0x000002fd   Thumb Code     0  libshutdown.o(.ARM.Collect$$libshutdown$$00000000)
    __rt_lib_shutdown_cpp_1                  0x000002ff   Thumb Code     0  libshutdown2.o(.ARM.Collect$$libshutdown$$00000004)
    __rt_lib_shutdown_fini_1                 0x000002ff   Thumb Code     0  libshutdown2.o(.ARM.Collect$$libshutdown$$00000002)
    __rt_lib_shutdown_fp_trap_1              0x000002ff   Thumb Code     0  libshutdown2.o(.ARM.Collect$$libshutdown$$00000009)
    __rt_lib_shutdown_heap_1                 0x000002ff   Thumb Code     0  libshutdown2.o(.ARM.Collect$$libshutdown$$00000011)
    __rt_lib_shutdown_return                 0x000002ff   Thumb Code     0  libshutdown2.o(.ARM.Collect$$libshutdown$$00000012)
    __rt_lib_shutdown_signal_1               0x000002ff   Thumb Code     0  libshutdown2.o(.ARM.Collect$$libshutdown$$0000000C)
    __rt_lib_shutdown_stdio_1                0x000002ff   Thumb Code     0  libshutdown2.o(.ARM.Collect$$libshutdown$$00000006)
    __rt_lib_shutdown_user_alloc_1           0x000002ff   Thumb Code     0  libshutdown2.o(.ARM.Collect$$libshutdown$$0000000E)
    __rt_entry                               0x00000301   Thumb Code     0  __rtentry.o(.ARM.Collect$$rtentry$$00000000)
    __rt_entry_presh_1                       0x00000301   Thumb Code     0  __rtentry2.o(.ARM.Collect$$rtentry$$00000002)
    __rt_entry_sh                            0x00000301   Thumb Code     0  __rtentry4.o(.ARM.Collect$$rtentry$$00000004)
    __rt_entry_li                            0x00000307   Thumb Code     0  __rtentry2.o(.ARM.Collect$$rtentry$$0000000A)
    __rt_entry_postsh_1                      0x00000307   Thumb Code     0  __rtentry2.o(.ARM.Collect$$rtentry$$00000009)
    __rt_entry_main                          0x0000030b   Thumb Code     0  __rtentry2.o(.ARM.Collect$$rtentry$$0000000D)
    __rt_entry_postli_1                      0x0000030b   Thumb Code     0  __rtentry2.o(.ARM.Collect$$rtentry$$0000000C)
    __rt_exit                                0x00000313   Thumb Code     0  rtexit.o(.ARM.Collect$$rtexit$$00000000)
    __rt_exit_ls                             0x00000315   Thumb Code     0  rtexit2.o(.ARM.Collect$$rtexit$$00000003)
    __rt_exit_prels_1                        0x00000315   Thumb Code     0  rtexit2.o(.ARM.Collect$$rtexit$$00000002)
    __rt_exit_exit                           0x00000319   Thumb Code     0  rtexit2.o(.ARM.Collect$$rtexit$$00000004)
    DisableInterrupts                        0x00000321   Thumb Code     0  startup.o(.text)
    EnableInterrupts                         0x00000325   Thumb Code     0  startup.o(.text)
    StartCritical                            0x00000329   Thumb Code     0  startup.o(.text)
    EndCritical                              0x00000331   Thumb Code     0  startup.o(.text)
    WaitForInterrupt                         0x00000337   Thumb Code     0  startup.o(.text)
    __user_initial_stackheap                 0x0000033b   Thumb Code     0  startup.o(.text)
    writecommand                             0x00000351   Thumb Code     0  lcd.o(.text)
    writedata                                0x00000379   Thumb Code     0  lcd.o(.text)
    LCD_OutDec                               0x000003a5   Thumb Code     0  print.o(.text)
    LCD_OutFix                               0x0000041d   Thumb Code     0  print.o(.text)
    __use_two_region_memory                  0x000004cd   Thumb Code     2  heapauxi.o(.text)
    __rt_heap_escrow$2region                 0x000004cf   Thumb Code     2  heapauxi.o(.text)
    __rt_heap_expand$2region                 0x000004d1   Thumb Code     2  heapauxi.o(.text)
    __user_setup_stackheap                   0x000004d3   Thumb Code    74  sys_stackheap_outer.o(.text)
    exit                                     0x0000051d   Thumb Code    18  exit.o(.text)
    __user_libspace                          0x00000531   Thumb Code     8  libspace.o(.text)
    __user_perproc_libspace                  0x00000531   Thumb Code     0  libspace.o(.text)
    __user_perthread_libspace                0x00000531   Thumb Code     0  libspace.o(.text)
    _sys_exit                                0x00000539   Thumb Code     8  sys_exit.o(.text)
    __I$use$semihosting                      0x00000545   Thumb Code     0  use_no_semi.o(.text)
    __use_no_semihosting_swi                 0x00000545   Thumb Code     2  use_no_semi.o(.text)
    __semihosting_library_function           0x00000547   Thumb Code     0  indicate_semi.o(.text)
    ADC1_Init                                0x00000549   Thumb Code   176  texas.o(i.ADC1_Init)
    ADC_In                                   0x00000611   Thumb Code    38  adc.o(i.ADC_In)
    ADC_Init                                 0x0000063d   Thumb Code   206  adc.o(i.ADC_Init)
    Collision                                0x00000725   Thumb Code   146  goldminer.o(i.Collision)
    Convert                                  0x000007bd   Thumb Code    12  goldminer.o(i.Convert)
    DAC_Init                                 0x000007c9   Thumb Code    74  dac.o(i.DAC_Init)
    DAC_Out                                  0x00000821   Thumb Code     6  dac.o(i.DAC_Out)
    Delay1ms                                 0x0000082d   Thumb Code    32  st7735.o(i.Delay1ms)
    DeleteGold                               0x0000084d   Thumb Code    70  goldminer.o(i.DeleteGold)
    EdgeTrigger_Init                         0x0000089d   Thumb Code   172  edgeinterrupt.o(i.EdgeTrigger_Init)
    GPIOPortE_Handler                        0x00000961   Thumb Code   110  goldminer.o(i.GPIOPortE_Handler)
    GameOver                                 0x000009e5   Thumb Code    72  goldminer.o(i.GameOver)
    GrapplerMove                             0x00000a35   Thumb Code    38  goldminer.o(i.GrapplerMove)
    GrapplerMoveUp                           0x00000a61   Thumb Code    66  goldminer.o(i.GrapplerMoveUp)
    GrapplerMoveUpGold                       0x00000aa9   Thumb Code    72  goldminer.o(i.GrapplerMoveUpGold)
    LevelComplete                            0x00000af5   Thumb Code   104  goldminer.o(i.LevelComplete)
    LogicAnalyzerA                           0x00000b69   Thumb Code    16  texas.o(i.LogicAnalyzerA)
    LogicAnalyzerB                           0x00000b81   Thumb Code    14  texas.o(i.LogicAnalyzerB)
    LogicAnalyzerC                           0x00000b99   Thumb Code    16  texas.o(i.LogicAnalyzerC)
    LogicAnalyzerE                           0x00000bb1   Thumb Code    14  texas.o(i.LogicAnalyzerE)
    LogicAnalyzerF                           0x00000bc9   Thumb Code    14  texas.o(i.LogicAnalyzerF)
    MoveCart                                 0x00000be1   Thumb Code   172  goldminer.o(i.MoveCart)
    Output_Init                              0x00000c9d   Thumb Code    16  st7735.o(i.Output_Init)
    PLL_Init                                 0x00000cad   Thumb Code   120  pll.o(i.PLL_Init)
    PeriodicTask2_Init                       0x00000d29   Thumb Code   128  texas.o(i.PeriodicTask2_Init)
    ST7735_DrawBitmap                        0x00000dbd   Thumb Code   280  st7735.o(i.ST7735_DrawBitmap)
    ST7735_DrawCharS                         0x00000edd   Thumb Code   236  st7735.o(i.ST7735_DrawCharS)
    ST7735_DrawPixel                         0x00000fd5   Thumb Code    64  st7735.o(i.ST7735_DrawPixel)
    ST7735_DrawString                        0x0000101d   Thumb Code    84  st7735.o(i.ST7735_DrawString)
    ST7735_FillRect                          0x00001071   Thumb Code   164  st7735.o(i.ST7735_FillRect)
    ST7735_FillScreen                        0x0000111d   Thumb Code    28  st7735.o(i.ST7735_FillScreen)
    ST7735_InitR                             0x00001141   Thumb Code    90  st7735.o(i.ST7735_InitR)
    ST7735_OutChar                           0x000011bd   Thumb Code   176  st7735.o(i.ST7735_OutChar)
    ST7735_OutString                         0x00001291   Thumb Code    22  st7735.o(i.ST7735_OutString)
    ST7735_OutUDec                           0x000012a9   Thumb Code   118  st7735.o(i.ST7735_OutUDec)
    ST7735_SetCursor                         0x00001335   Thumb Code    22  st7735.o(i.ST7735_SetCursor)
    Scope                                    0x00001355   Thumb Code    12  texas.o(i.Scope)
    Sound_Gold                               0x00001369   Thumb Code    14  sound.o(i.Sound_Gold)
    Sound_Init                               0x0000137d   Thumb Code    24  sound.o(i.Sound_Init)
    Sound_Rock                               0x00001399   Thumb Code    14  sound.o(i.Sound_Rock)
    Sound_Start                              0x000013ad   Thumb Code    18  sound.o(i.Sound_Start)
    SysTick_Init                             0x000013cd   Thumb Code    24  systick.o(i.SysTick_Init)
    SysTick_Wait                             0x000013e5   Thumb Code    32  systick.o(i.SysTick_Wait)
    SysTick_Wait100ms                        0x00001405   Thumb Code    22  systick.o(i.SysTick_Wait100ms)
    TExaS_Init                               0x00001421   Thumb Code   214  texas.o(i.TExaS_Init)
    Timer0A_Handler                          0x00001519   Thumb Code    64  sound.o(i.Timer0A_Handler)
    Timer0_Init                              0x00001569   Thumb Code    78  timer0.o(i.Timer0_Init)
    Timer1A_Handler                          0x000015c9   Thumb Code    24  goldminer.o(i.Timer1A_Handler)
    Timer1_Init                              0x000015ed   Thumb Code    78  timer1.o(i.Timer1_Init)
    Timer2A_Handler                          0x0000164d   Thumb Code    16  timer2.o(i.Timer2A_Handler)
    Timer2_Init                              0x00001665   Thumb Code    74  timer2.o(i.Timer2_Init)
    Timer5A_Handler                          0x000016c5   Thumb Code    16  texas.o(i.Timer5A_Handler)
    UART0_Init                               0x000016dd   Thumb Code   118  texas.o(i.UART0_Init)
    Welcome                                  0x00001765   Thumb Code   178  goldminer.o(i.Welcome)
    fillmessage                              0x00001a21   Thumb Code    64  st7735.o(i.fillmessage)
    main                                     0x00001a69   Thumb Code   470  goldminer.o(i.main)
    printScore                               0x00001c75   Thumb Code    20  goldminer.o(i.printScore)
    printTime                                0x00001c89   Thumb Code    44  goldminer.o(i.printTime)
    spawn                                    0x00001d41   Thumb Code   342  goldminer.o(i.spawn)
    timeDisplay                              0x00001eb1   Thumb Code    18  goldminer.o(i.timeDisplay)
    rockSound                                0x00001ec8   Data        1025  sound.o(.constdata)
    collectcoinfinal                         0x000022c9   Data        5415  sound.o(.constdata)
    smallCircle                              0x00003dd2   Data          36  st7735.o(.constdata)
    circle                                   0x00003df6   Data          60  st7735.o(.constdata)
    dBfs                                     0x00003e32   Data         512  st7735.o(.constdata)
    Gold2                                    0x00004034   Data         352  goldminer.o(.constdata)
    Stone2                                   0x00004194   Data         352  goldminer.o(.constdata)
    GoldGrap2                                0x000042f4   Data         768  goldminer.o(.constdata)
    ycart                                    0x000045f4   Data        2160  goldminer.o(.constdata)
    OpenGrap                                 0x00004e64   Data         540  goldminer.o(.constdata)
    Eng                                      0x00005080   Data        2880  goldminer.o(.constdata)
    Span2                                    0x00005bc0   Data        2880  goldminer.o(.constdata)
    EngCircled                               0x00006700   Data        2880  goldminer.o(.constdata)
    Span2Circled                             0x00007240   Data        2880  goldminer.o(.constdata)
    Hello_English                            0x00007d80   Data           6  goldminer.o(.constdata)
    Hello_Spanish                            0x00007d86   Data           7  goldminer.o(.constdata)
    Goodbye_English                          0x00007d8d   Data           8  goldminer.o(.constdata)
    Goodbye_Spanish                          0x00007d95   Data           6  goldminer.o(.constdata)
    Time_English                             0x00007d9b   Data           6  goldminer.o(.constdata)
    Time_Spanish                             0x00007da1   Data           8  goldminer.o(.constdata)
    Score_English                            0x00007da9   Data           7  goldminer.o(.constdata)
    Score_Spanish                            0x00007db0   Data           9  goldminer.o(.constdata)
    Level_English                            0x00007db9   Data           7  goldminer.o(.constdata)
    Level_Spanish                            0x00007dc0   Data           7  goldminer.o(.constdata)
    Complete_English                         0x00007dc7   Data          10  goldminer.o(.constdata)
    Complete_Spanish                         0x00007dd1   Data          10  goldminer.o(.constdata)
    Over_English                             0x00007ddb   Data          10  goldminer.o(.constdata)
    Over_Spanish                             0x00007de5   Data          16  goldminer.o(.constdata)
    Region$$Table$$Base                      0x00007e68   Number         0  anon$$obj.o(Region$$Table)
    Region$$Table$$Limit                     0x00007e88   Number         0  anon$$obj.o(Region$$Table)
    counter                                  0x20000000   Data           4  sound.o(.data)
    SoundPt                                  0x20000004   Data           4  sound.o(.data)
    StX                                      0x20000008   Data           4  st7735.o(.data)
    StY                                      0x2000000c   Data           4  st7735.o(.data)
    StTextColor                              0x20000010   Data           2  st7735.o(.data)
    Messageindex                             0x2000001c   Data           4  st7735.o(.data)
    Ymax                                     0x20000020   Data           4  st7735.o(.data)
    Ymin                                     0x20000024   Data           4  st7735.o(.data)
    X                                        0x20000028   Data           4  st7735.o(.data)
    Yrange                                   0x2000002c   Data           4  st7735.o(.data)
    lastj                                    0x20000030   Data           4  st7735.o(.data)
    PeriodicTask2                            0x20000034   Data           4  texas.o(.data)
    NumRock                                  0x20000038   Data           1  goldminer.o(.data)
    NumGold                                  0x20000039   Data           1  goldminer.o(.data)
    data                                     0x2000003a   Data           2  goldminer.o(.data)
    flag                                     0x2000003c   Data           1  goldminer.o(.data)
    flag2                                    0x2000003d   Data           1  goldminer.o(.data)
    grapFlag                                 0x2000003e   Data           1  goldminer.o(.data)
    time                                     0x2000003f   Data           1  goldminer.o(.data)
    gold_id                                  0x20000040   Data           1  goldminer.o(.data)
    id                                       0x20000041   Data           1  goldminer.o(.data)
    myLanguage                               0x20000042   Data           1  goldminer.o(.data)
    Phrases                                  0x20000044   Data          56  goldminer.o(.data)
    YCart                                    0x2000007c   Data          12  goldminer.o(.data)
    grap1                                    0x20000088   Data          16  goldminer.o(.data)
    grap2                                    0x20000098   Data          16  goldminer.o(.data)
    FallingEdges                             0x200000b0   Data           4  edgeinterrupt.o(.data)
    PeriodicTask                             0x200000b4   Data           4  timer2.o(.data)
    Message                                  0x200000b8   Data          12  st7735.o(.bss)
    rock                                     0x200000c4   Data         112  goldminer.o(.bss)
    __libspace_start                         0x20000134   Data          96  libspace.o(.bss)
    __temporary_stack_top$libspace           0x20000194   Data           0  libspace.o(.bss)



==============================================================================

Memory Map of the image

  Image Entry point : 0x0000026d

  Load Region LR_1 (Base: 0x00000000, Size: 0x00007f40, Max: 0xffffffff, ABSOLUTE)

    Execution Region ER_RO (Exec base: 0x00000000, Load base: 0x00000000, Size: 0x00007e88, Max: 0xffffffff, ABSOLUTE)

    Exec Addr    Load Addr    Size         Type   Attr      Idx    E Section Name        Object

    0x00000000   0x00000000   0x00000284   Code   RO            3  * RESET               startup.o
    0x00000284   0x00000284   0x00000008   Code   RO          787  * !!!main             c_w.l(__main.o)
    0x0000028c   0x0000028c   0x00000034   Code   RO          946    !!!scatter          c_w.l(__scatter.o)
    0x000002c0   0x000002c0   0x0000001a   Code   RO          948    !!handler_copy      c_w.l(__scatter_copy.o)
    0x000002da   0x000002da   0x00000002   PAD
    0x000002dc   0x000002dc   0x0000001c   Code   RO          950    !!handler_zi        c_w.l(__scatter_zi.o)
    0x000002f8   0x000002f8   0x00000002   Code   RO          814    .ARM.Collect$$libinit$$00000000  c_w.l(libinit.o)
    0x000002fa   0x000002fa   0x00000000   Code   RO          821    .ARM.Collect$$libinit$$00000002  c_w.l(libinit2.o)
    0x000002fa   0x000002fa   0x00000000   Code   RO          823    .ARM.Collect$$libinit$$00000004  c_w.l(libinit2.o)
    0x000002fa   0x000002fa   0x00000000   Code   RO          826    .ARM.Collect$$libinit$$0000000A  c_w.l(libinit2.o)
    0x000002fa   0x000002fa   0x00000000   Code   RO          828    .ARM.Collect$$libinit$$0000000C  c_w.l(libinit2.o)
    0x000002fa   0x000002fa   0x00000000   Code   RO          830    .ARM.Collect$$libinit$$0000000E  c_w.l(libinit2.o)
    0x000002fa   0x000002fa   0x00000000   Code   RO          833    .ARM.Collect$$libinit$$00000011  c_w.l(libinit2.o)
    0x000002fa   0x000002fa   0x00000000   Code   RO          835    .ARM.Collect$$libinit$$00000013  c_w.l(libinit2.o)
    0x000002fa   0x000002fa   0x00000000   Code   RO          837    .ARM.Collect$$libinit$$00000015  c_w.l(libinit2.o)
    0x000002fa   0x000002fa   0x00000000   Code   RO          839    .ARM.Collect$$libinit$$00000017  c_w.l(libinit2.o)
    0x000002fa   0x000002fa   0x00000000   Code   RO          841    .ARM.Collect$$libinit$$00000019  c_w.l(libinit2.o)
    0x000002fa   0x000002fa   0x00000000   Code   RO          843    .ARM.Collect$$libinit$$0000001B  c_w.l(libinit2.o)
    0x000002fa   0x000002fa   0x00000000   Code   RO          845    .ARM.Collect$$libinit$$0000001D  c_w.l(libinit2.o)
    0x000002fa   0x000002fa   0x00000000   Code   RO          847    .ARM.Collect$$libinit$$0000001F  c_w.l(libinit2.o)
    0x000002fa   0x000002fa   0x00000000   Code   RO          849    .ARM.Collect$$libinit$$00000021  c_w.l(libinit2.o)
    0x000002fa   0x000002fa   0x00000000   Code   RO          851    .ARM.Collect$$libinit$$00000023  c_w.l(libinit2.o)
    0x000002fa   0x000002fa   0x00000000   Code   RO          853    .ARM.Collect$$libinit$$00000025  c_w.l(libinit2.o)
    0x000002fa   0x000002fa   0x00000000   Code   RO          857    .ARM.Collect$$libinit$$0000002C  c_w.l(libinit2.o)
    0x000002fa   0x000002fa   0x00000000   Code   RO          859    .ARM.Collect$$libinit$$0000002E  c_w.l(libinit2.o)
    0x000002fa   0x000002fa   0x00000000   Code   RO          861    .ARM.Collect$$libinit$$00000030  c_w.l(libinit2.o)
    0x000002fa   0x000002fa   0x00000000   Code   RO          863    .ARM.Collect$$libinit$$00000032  c_w.l(libinit2.o)
    0x000002fa   0x000002fa   0x00000002   Code   RO          864    .ARM.Collect$$libinit$$00000033  c_w.l(libinit2.o)
    0x000002fc   0x000002fc   0x00000002   Code   RO          884    .ARM.Collect$$libshutdown$$00000000  c_w.l(libshutdown.o)
    0x000002fe   0x000002fe   0x00000000   Code   RO          897    .ARM.Collect$$libshutdown$$00000002  c_w.l(libshutdown2.o)
    0x000002fe   0x000002fe   0x00000000   Code   RO          899    .ARM.Collect$$libshutdown$$00000004  c_w.l(libshutdown2.o)
    0x000002fe   0x000002fe   0x00000000   Code   RO          901    .ARM.Collect$$libshutdown$$00000006  c_w.l(libshutdown2.o)
    0x000002fe   0x000002fe   0x00000000   Code   RO          904    .ARM.Collect$$libshutdown$$00000009  c_w.l(libshutdown2.o)
    0x000002fe   0x000002fe   0x00000000   Code   RO          907    .ARM.Collect$$libshutdown$$0000000C  c_w.l(libshutdown2.o)
    0x000002fe   0x000002fe   0x00000000   Code   RO          909    .ARM.Collect$$libshutdown$$0000000E  c_w.l(libshutdown2.o)
    0x000002fe   0x000002fe   0x00000000   Code   RO          912    .ARM.Collect$$libshutdown$$00000011  c_w.l(libshutdown2.o)
    0x000002fe   0x000002fe   0x00000002   Code   RO          913    .ARM.Collect$$libshutdown$$00000012  c_w.l(libshutdown2.o)
    0x00000300   0x00000300   0x00000000   Code   RO          789    .ARM.Collect$$rtentry$$00000000  c_w.l(__rtentry.o)
    0x00000300   0x00000300   0x00000000   Code   RO          791    .ARM.Collect$$rtentry$$00000002  c_w.l(__rtentry2.o)
    0x00000300   0x00000300   0x00000006   Code   RO          803    .ARM.Collect$$rtentry$$00000004  c_w.l(__rtentry4.o)
    0x00000306   0x00000306   0x00000000   Code   RO          793    .ARM.Collect$$rtentry$$00000009  c_w.l(__rtentry2.o)
    0x00000306   0x00000306   0x00000004   Code   RO          794    .ARM.Collect$$rtentry$$0000000A  c_w.l(__rtentry2.o)
    0x0000030a   0x0000030a   0x00000000   Code   RO          796    .ARM.Collect$$rtentry$$0000000C  c_w.l(__rtentry2.o)
    0x0000030a   0x0000030a   0x00000008   Code   RO          797    .ARM.Collect$$rtentry$$0000000D  c_w.l(__rtentry2.o)
    0x00000312   0x00000312   0x00000002   Code   RO          818    .ARM.Collect$$rtexit$$00000000  c_w.l(rtexit.o)
    0x00000314   0x00000314   0x00000000   Code   RO          866    .ARM.Collect$$rtexit$$00000002  c_w.l(rtexit2.o)
    0x00000314   0x00000314   0x00000004   Code   RO          867    .ARM.Collect$$rtexit$$00000003  c_w.l(rtexit2.o)
    0x00000318   0x00000318   0x00000006   Code   RO          868    .ARM.Collect$$rtexit$$00000004  c_w.l(rtexit2.o)
    0x0000031e   0x0000031e   0x00000002   PAD
    0x00000320   0x00000320   0x00000030   Code   RO            4    .text               startup.o
    0x00000350   0x00000350   0x00000054   Code   RO          174    .text               lcd.o
    0x000003a4   0x000003a4   0x00000128   Code   RO          177    .text               print.o
    0x000004cc   0x000004cc   0x00000006   Code   RO          785    .text               c_w.l(heapauxi.o)
    0x000004d2   0x000004d2   0x0000004a   Code   RO          805    .text               c_w.l(sys_stackheap_outer.o)
    0x0000051c   0x0000051c   0x00000012   Code   RO          807    .text               c_w.l(exit.o)
    0x0000052e   0x0000052e   0x00000002   PAD
    0x00000530   0x00000530   0x00000008   Code   RO          815    .text               c_w.l(libspace.o)
    0x00000538   0x00000538   0x0000000c   Code   RO          876    .text               c_w.l(sys_exit.o)
    0x00000544   0x00000544   0x00000002   Code   RO          887    .text               c_w.l(use_no_semi.o)
    0x00000546   0x00000546   0x00000000   Code   RO          889    .text               c_w.l(indicate_semi.o)
    0x00000546   0x00000546   0x00000002   PAD
    0x00000548   0x00000548   0x000000c8   Code   RO          463    i.ADC1_Init         texas.o
    0x00000610   0x00000610   0x0000002c   Code   RO           41    i.ADC_In            adc.o
    0x0000063c   0x0000063c   0x000000e8   Code   RO           42    i.ADC_Init          adc.o
    0x00000724   0x00000724   0x00000098   Code   RO          586    i.Collision         goldminer.o
    0x000007bc   0x000007bc   0x0000000c   Code   RO          587    i.Convert           goldminer.o
    0x000007c8   0x000007c8   0x00000058   Code   RO           16    i.DAC_Init          dac.o
    0x00000820   0x00000820   0x0000000c   Code   RO           17    i.DAC_Out           dac.o
    0x0000082c   0x0000082c   0x00000020   Code   RO          180    i.Delay1ms          st7735.o
    0x0000084c   0x0000084c   0x00000050   Code   RO          588    i.DeleteGold        goldminer.o
    0x0000089c   0x0000089c   0x000000c4   Code   RO          723    i.EdgeTrigger_Init  edgeinterrupt.o
    0x00000960   0x00000960   0x00000084   Code   RO          589    i.GPIOPortE_Handler  goldminer.o
    0x000009e4   0x000009e4   0x00000050   Code   RO          590    i.GameOver          goldminer.o
    0x00000a34   0x00000a34   0x0000002c   Code   RO          591    i.GrapplerMove      goldminer.o
    0x00000a60   0x00000a60   0x00000048   Code   RO          592    i.GrapplerMoveUp    goldminer.o
    0x00000aa8   0x00000aa8   0x0000004c   Code   RO          593    i.GrapplerMoveUpGold  goldminer.o
    0x00000af4   0x00000af4   0x00000074   Code   RO          594    i.LevelComplete     goldminer.o
    0x00000b68   0x00000b68   0x00000018   Code   RO          464    i.LogicAnalyzerA    texas.o
    0x00000b80   0x00000b80   0x00000018   Code   RO          465    i.LogicAnalyzerB    texas.o
    0x00000b98   0x00000b98   0x00000018   Code   RO          466    i.LogicAnalyzerC    texas.o
    0x00000bb0   0x00000bb0   0x00000018   Code   RO          467    i.LogicAnalyzerE    texas.o
    0x00000bc8   0x00000bc8   0x00000018   Code   RO          468    i.LogicAnalyzerF    texas.o
    0x00000be0   0x00000be0   0x000000bc   Code   RO          595    i.MoveCart          goldminer.o
    0x00000c9c   0x00000c9c   0x00000010   Code   RO          183    i.Output_Init       st7735.o
    0x00000cac   0x00000cac   0x0000007c   Code   RO          574    i.PLL_Init          pll.o
    0x00000d28   0x00000d28   0x00000094   Code   RO          469    i.PeriodicTask2_Init  texas.o
    0x00000dbc   0x00000dbc   0x00000120   Code   RO          187    i.ST7735_DrawBitmap  st7735.o
    0x00000edc   0x00000edc   0x000000f8   Code   RO          189    i.ST7735_DrawCharS  st7735.o
    0x00000fd4   0x00000fd4   0x00000048   Code   RO          193    i.ST7735_DrawPixel  st7735.o
    0x0000101c   0x0000101c   0x00000054   Code   RO          195    i.ST7735_DrawString  st7735.o
    0x00001070   0x00001070   0x000000ac   Code   RO          196    i.ST7735_FillRect   st7735.o
    0x0000111c   0x0000111c   0x00000024   Code   RO          197    i.ST7735_FillScreen  st7735.o
    0x00001140   0x00001140   0x0000007c   Code   RO          199    i.ST7735_InitR      st7735.o
    0x000011bc   0x000011bc   0x000000d4   Code   RO          201    i.ST7735_OutChar    st7735.o
    0x00001290   0x00001290   0x00000016   Code   RO          202    i.ST7735_OutString  st7735.o
    0x000012a6   0x000012a6   0x00000002   PAD
    0x000012a8   0x000012a8   0x0000008c   Code   RO          203    i.ST7735_OutUDec    st7735.o
    0x00001334   0x00001334   0x00000020   Code   RO          212    i.ST7735_SetCursor  st7735.o
    0x00001354   0x00001354   0x00000014   Code   RO          471    i.Scope             texas.o
    0x00001368   0x00001368   0x00000014   Code   RO           88    i.Sound_Gold        sound.o
    0x0000137c   0x0000137c   0x0000001c   Code   RO           90    i.Sound_Init        sound.o
    0x00001398   0x00001398   0x00000014   Code   RO           91    i.Sound_Rock        sound.o
    0x000013ac   0x000013ac   0x00000020   Code   RO           92    i.Sound_Start       sound.o
    0x000013cc   0x000013cc   0x00000018   Code   RO          738    i.SysTick_Init      systick.o
    0x000013e4   0x000013e4   0x00000020   Code   RO          739    i.SysTick_Wait      systick.o
    0x00001404   0x00001404   0x0000001c   Code   RO          740    i.SysTick_Wait100ms  systick.o
    0x00001420   0x00001420   0x000000f8   Code   RO          472    i.TExaS_Init        texas.o
    0x00001518   0x00001518   0x00000050   Code   RO           94    i.Timer0A_Handler   sound.o
    0x00001568   0x00001568   0x00000060   Code   RO           59    i.Timer0_Init       timer0.o
    0x000015c8   0x000015c8   0x00000024   Code   RO          596    i.Timer1A_Handler   goldminer.o
    0x000015ec   0x000015ec   0x00000060   Code   RO           71    i.Timer1_Init       timer1.o
    0x0000164c   0x0000164c   0x00000018   Code   RO          762    i.Timer2A_Handler   timer2.o
    0x00001664   0x00001664   0x00000060   Code   RO          763    i.Timer2_Init       timer2.o
    0x000016c4   0x000016c4   0x00000018   Code   RO          474    i.Timer5A_Handler   texas.o
    0x000016dc   0x000016dc   0x00000088   Code   RO          476    i.UART0_Init        texas.o
    0x00001764   0x00001764   0x000000dc   Code   RO          597    i.Welcome           goldminer.o
    0x00001840   0x00001840   0x00000056   Code   RO          216    i.commandList       st7735.o
    0x00001896   0x00001896   0x00000002   PAD
    0x00001898   0x00001898   0x00000188   Code   RO          217    i.commonInit        st7735.o
    0x00001a20   0x00001a20   0x00000048   Code   RO          221    i.fillmessage       st7735.o
    0x00001a68   0x00001a68   0x0000020c   Code   RO          598    i.main              goldminer.o
    0x00001c74   0x00001c74   0x00000014   Code   RO          599    i.printScore        goldminer.o
    0x00001c88   0x00001c88   0x00000030   Code   RO          600    i.printTime         goldminer.o
    0x00001cb8   0x00001cb8   0x00000012   Code   RO          223    i.pushColor         st7735.o
    0x00001cca   0x00001cca   0x00000002   PAD
    0x00001ccc   0x00001ccc   0x00000074   Code   RO          224    i.setAddrWindow     st7735.o
    0x00001d40   0x00001d40   0x00000170   Code   RO          601    i.spawn             goldminer.o
    0x00001eb0   0x00001eb0   0x00000018   Code   RO          602    i.timeDisplay       goldminer.o
    0x00001ec8   0x00001ec8   0x00001928   Data   RO           95    .constdata          sound.o
    0x000037f0   0x000037f0   0x00000842   Data   RO          226    .constdata          st7735.o
    0x00004032   0x00004032   0x00000002   PAD
    0x00004034   0x00004034   0x00003e34   Data   RO          604    .constdata          goldminer.o
    0x00007e68   0x00007e68   0x00000020   Data   RO          944    Region$$Table       anon$$obj.o


    Execution Region ER_RW (Exec base: 0x20000000, Load base: 0x00007e88, Size: 0x000000b8, Max: 0xffffffff, ABSOLUTE)

    Exec Addr    Load Addr    Size         Type   Attr      Idx    E Section Name        Object

    0x20000000   0x00007e88   0x00000008   Data   RW           96    .data               sound.o
    0x20000008   0x00007e90   0x0000002c   Data   RW          227    .data               st7735.o
    0x20000034   0x00007ebc   0x00000004   Data   RW          479    .data               texas.o
    0x20000038   0x00007ec0   0x00000078   Data   RW          605    .data               goldminer.o
    0x200000b0   0x00007f38   0x00000004   Data   RW          724    .data               edgeinterrupt.o
    0x200000b4   0x00007f3c   0x00000004   Data   RW          764    .data               timer2.o


    Execution Region ER_ZI (Exec base: 0x200000b8, Load base: 0x00007f40, Size: 0x000004e0, Max: 0xffffffff, ABSOLUTE)

    Exec Addr    Load Addr    Size         Type   Attr      Idx    E Section Name        Object

    0x200000b8        -       0x0000000c   Zero   RW          225    .bss                st7735.o
    0x200000c4        -       0x00000070   Zero   RW          603    .bss                goldminer.o
    0x20000134        -       0x00000060   Zero   RW          816    .bss                c_w.l(libspace.o)
    0x20000194   0x00007f40   0x00000004   PAD
    0x20000198        -       0x00000000   Zero   RW            2    HEAP                startup.o
    0x20000198        -       0x00000400   Zero   RW            1    STACK               startup.o


==============================================================================

Image component sizes


      Code (inc. data)   RO Data    RW Data    ZI Data      Debug   Object Name

       276         32          0          0          0       1192   adc.o
       100         20          0          0          0       5617   dac.o
       196         24          0          4          0        982   edgeinterrupt.o
      2192        234      15924        120        112      12067   goldminer.o
        84         14          0          0          0        240   lcd.o
       124          4          0          0          0        443   pll.o
       296          2          0          0          0        300   print.o
       180         46       6440          8          0       2756   sound.o
      2162        214       2114         44         12      14742   st7735.o
       692        632          0          0       1024        972   startup.o
        84          6          0          0          0       1846   systick.o
       896        158          0          4          0       5974   texas.o
        96         18          0          0          0        538   timer0.o
        96         18          0          0          0        538   timer1.o
       120         30          0          4          0       1431   timer2.o

    ----------------------------------------------------------------------
      7600       1452      24512        184       1148      49638   Object Totals
         0          0         32          0          0          0   (incl. Generated)
         6          0          2          0          0          0   (incl. Padding)

    ----------------------------------------------------------------------

      Code (inc. data)   RO Data    RW Data    ZI Data      Debug   Library Member Name

         8          0          0          0          0         68   __main.o
         0          0          0          0          0          0   __rtentry.o
        12          0          0          0          0          0   __rtentry2.o
         6          0          0          0          0          0   __rtentry4.o
        52          8          0          0          0          0   __scatter.o
        26          0          0          0          0          0   __scatter_copy.o
        28          0          0          0          0          0   __scatter_zi.o
        18          0          0          0          0         80   exit.o
         6          0          0          0          0        152   heapauxi.o
         0          0          0          0          0          0   indicate_semi.o
         2          0          0          0          0          0   libinit.o
         2          0          0          0          0          0   libinit2.o
         2          0          0          0          0          0   libshutdown.o
         2          0          0          0          0          0   libshutdown2.o
         8          4          0          0         96         68   libspace.o
         2          0          0          0          0          0   rtexit.o
        10          0          0          0          0          0   rtexit2.o
        12          4          0          0          0         68   sys_exit.o
        74          0          0          0          0         80   sys_stackheap_outer.o
         2          0          0          0          0         68   use_no_semi.o

    ----------------------------------------------------------------------
       280         16          0          0        100        584   Library Totals
         8          0          0          0          4          0   (incl. Padding)

    ----------------------------------------------------------------------

      Code (inc. data)   RO Data    RW Data    ZI Data      Debug   Library Name

       272         16          0          0         96        584   c_w.l

    ----------------------------------------------------------------------
       280         16          0          0        100        584   Library Totals

    ----------------------------------------------------------------------

==============================================================================


      Code (inc. data)   RO Data    RW Data    ZI Data      Debug   

      7880       1468      24512        184       1248      46942   Grand Totals
      7880       1468      24512        184       1248      46942   ELF Image Totals
      7880       1468      24512        184          0          0   ROM Totals

==============================================================================

    Total RO  Size (Code + RO Data)                32392 (  31.63kB)
    Total RW  Size (RW Data + ZI Data)              1432 (   1.40kB)
    Total ROM Size (Code + RO Data + RW Data)      32576 (  31.81kB)

==============================================================================

