<html>
<body>
<pre>
<h1>µVision Build Log</h1>
<h2>Tool Versions:</h2>
IDE-Version: µVision V5.36.0.0
Copyright (C) 2021 ARM Ltd and ARM Germany GmbH. All rights reserved.
License Information: Marzooq-Ul-Haq Shah, University of Texas, LIC=----
 
Tool Versions:
Toolchain:       MDK-Lite  Version: 5.36.0.0
Toolchain Path:  C:\Keil_v5\ARM\ARMCC\Bin
C Compiler:      Armcc.exe V5.06 update 7 (build 960)
Assembler:       Armasm.exe V5.06 update 7 (build 960)
Linker/Locator:  ArmLink.exe V5.06 update 7 (build 960)
Library Manager: ArmAr.exe V5.06 update 7 (build 960)
Hex Converter:   FromElf.exe V5.06 update 7 (build 960)
CPU DLL:         SARMCM3.DLL V5.36.0.0
Dialog DLL:      DCM.DLL V1.17.3.0
Target DLL:      lmidk-agdi.dll V???
Dialog DLL:      TCM.DLL V1.53.0.0
 
<h2>Project:</h2>
C:\Keil_v5\EE319KwareSpring2022\Lab10_EE319K\GoldMiner.uvprojx
Project File Date:  05/06/2022

<h2>Output:</h2>
*** Using Compiler 'V5.06 update 7 (build 960)', folder: 'C:\Keil_v5\ARM\ARMCC\Bin'
Rebuild target 'GoldMiner'
assembling startup.s...
assembling random.s...
compiling DAC.c...
compiling ADC.c...
compiling Timer0.c...
compiling Timer1.c...
compiling Sound.c...
Sound.c(16): warning:  #68-D: integer conversion resulted in a change of sign
  const uint8_t rockSound[1025] = {31,23,25,31,29,31,35,31,34,38,33,33,37,29,23,32,45,47,43,36,21,9,13,12,12,41,50,19,13,37,53,58,53,52,63,48,23,34,46,41,51,54,40,34,25,9,11,17,11,6,12,11,12,42,56,24,26,64,47,20,45,53,36,50,60,47,38,26,9,3,3,5,3,2,18,33,37,50,62,61,58,61,60,34,2,11,23,2,5,33,21,0,22,42,45,56,63,61,57,60,62,31,5,32,41,4,7,33,13,9,54,57,11,17,52,27,2,45,54,6,8,40,18,10,43,30,-2,15,28,6,5,20,5,4,42,54,40,49,63,62,61,59,62,63,48,52,62,22,8,50,38,-1,30,54,22,25,49,34,34,65,51,5,23,55,16,-1,49,44,2,34,68,35,22,51,57,44,39,36,24,5,1,6,0,3,14,4,2,19,8,8,49,59,39,48,62,59,59,62,63,58,55,62,49,24,47,61,16,10,49,32,-3,16,30,6,9,46,42,9,26,58,40,29,60,51,13,33,57,23,13,47,39,8,27,40,6,14,62,40,-2,29,52,11,10,52,52,39,52,61,61,63,61,59,61,64,55,34,34,41,20,0,12,13,-1,16,42,25,14,51,62,27,33,65,41,19,54,58,16,22,51,27,0,11,13,-1,5,18,7,5,35,33,-1,19,61,37,13,51,65,25,23,55,29,-3,29,44,7,12,48,32,17,52,62,35,41,64,49,38,60,57,26,39,64,32,16,58,54,12,31,65,40,26,59,52,13,33,62,20,4,46,38,1,27,48,12,0,34,33,-
Sound.c(16): warning:  #68-D: integer conversion resulted in a change of sign
  const uint8_t rockSound[1025] = {31,23,25,31,29,31,35,31,34,38,33,33,37,29,23,32,45,47,43,36,21,9,13,12,12,41,50,19,13,37,53,58,53,52,63,48,23,34,46,41,51,54,40,34,25,9,11,17,11,6,12,11,12,42,56,24,26,64,47,20,45,53,36,50,60,47,38,26,9,3,3,5,3,2,18,33,37,50,62,61,58,61,60,34,2,11,23,2,5,33,21,0,22,42,45,56,63,61,57,60,62,31,5,32,41,4,7,33,13,9,54,57,11,17,52,27,2,45,54,6,8,40,18,10,43,30,-2,15,28,6,5,20,5,4,42,54,40,49,63,62,61,59,62,63,48,52,62,22,8,50,38,-1,30,54,22,25,49,34,34,65,51,5,23,55,16,-1,49,44,2,34,68,35,22,51,57,44,39,36,24,5,1,6,0,3,14,4,2,19,8,8,49,59,39,48,62,59,59,62,63,58,55,62,49,24,47,61,16,10,49,32,-3,16,30,6,9,46,42,9,26,58,40,29,60,51,13,33,57,23,13,47,39,8,27,40,6,14,62,40,-2,29,52,11,10,52,52,39,52,61,61,63,61,59,61,64,55,34,34,41,20,0,12,13,-1,16,42,25,14,51,62,27,33,65,41,19,54,58,16,22,51,27,0,11,13,-1,5,18,7,5,35,33,-1,19,61,37,13,51,65,25,23,55,29,-3,29,44,7,12,48,32,17,52,62,35,41,64,49,38,60,57,26,39,64,32,16,58,54,12,31,65,40,26,59,52,13,33,62,20,4,46,38,1,27,48,12,0,34,33,-
Sound.c(16): warning:  #68-D: integer conversion resulted in a change of sign
  const uint8_t rockSound[1025] = {31,23,25,31,29,31,35,31,34,38,33,33,37,29,23,32,45,47,43,36,21,9,13,12,12,41,50,19,13,37,53,58,53,52,63,48,23,34,46,41,51,54,40,34,25,9,11,17,11,6,12,11,12,42,56,24,26,64,47,20,45,53,36,50,60,47,38,26,9,3,3,5,3,2,18,33,37,50,62,61,58,61,60,34,2,11,23,2,5,33,21,0,22,42,45,56,63,61,57,60,62,31,5,32,41,4,7,33,13,9,54,57,11,17,52,27,2,45,54,6,8,40,18,10,43,30,-2,15,28,6,5,20,5,4,42,54,40,49,63,62,61,59,62,63,48,52,62,22,8,50,38,-1,30,54,22,25,49,34,34,65,51,5,23,55,16,-1,49,44,2,34,68,35,22,51,57,44,39,36,24,5,1,6,0,3,14,4,2,19,8,8,49,59,39,48,62,59,59,62,63,58,55,62,49,24,47,61,16,10,49,32,-3,16,30,6,9,46,42,9,26,58,40,29,60,51,13,33,57,23,13,47,39,8,27,40,6,14,62,40,-2,29,52,11,10,52,52,39,52,61,61,63,61,59,61,64,55,34,34,41,20,0,12,13,-1,16,42,25,14,51,62,27,33,65,41,19,54,58,16,22,51,27,0,11,13,-1,5,18,7,5,35,33,-1,19,61,37,13,51,65,25,23,55,29,-3,29,44,7,12,48,32,17,52,62,35,41,64,49,38,60,57,26,39,64,32,16,58,54,12,31,65,40,26,59,52,13,33,62,20,4,46,38,1,27,48,12,0,34,33,-
Sound.c(16): warning:  #68-D: integer conversion resulted in a change of sign
  const uint8_t rockSound[1025] = {31,23,25,31,29,31,35,31,34,38,33,33,37,29,23,32,45,47,43,36,21,9,13,12,12,41,50,19,13,37,53,58,53,52,63,48,23,34,46,41,51,54,40,34,25,9,11,17,11,6,12,11,12,42,56,24,26,64,47,20,45,53,36,50,60,47,38,26,9,3,3,5,3,2,18,33,37,50,62,61,58,61,60,34,2,11,23,2,5,33,21,0,22,42,45,56,63,61,57,60,62,31,5,32,41,4,7,33,13,9,54,57,11,17,52,27,2,45,54,6,8,40,18,10,43,30,-2,15,28,6,5,20,5,4,42,54,40,49,63,62,61,59,62,63,48,52,62,22,8,50,38,-1,30,54,22,25,49,34,34,65,51,5,23,55,16,-1,49,44,2,34,68,35,22,51,57,44,39,36,24,5,1,6,0,3,14,4,2,19,8,8,49,59,39,48,62,59,59,62,63,58,55,62,49,24,47,61,16,10,49,32,-3,16,30,6,9,46,42,9,26,58,40,29,60,51,13,33,57,23,13,47,39,8,27,40,6,14,62,40,-2,29,52,11,10,52,52,39,52,61,61,63,61,59,61,64,55,34,34,41,20,0,12,13,-1,16,42,25,14,51,62,27,33,65,41,19,54,58,16,22,51,27,0,11,13,-1,5,18,7,5,35,33,-1,19,61,37,13,51,65,25,23,55,29,-3,29,44,7,12,48,32,17,52,62,35,41,64,49,38,60,57,26,39,64,32,16,58,54,12,31,65,40,26,59,52,13,33,62,20,4,46,38,1,27,48,12,0,34,33,-
Sound.c(16): warning:  #68-D: integer conversion resulted in a change of sign
  const uint8_t rockSound[1025] = {31,23,25,31,29,31,35,31,34,38,33,33,37,29,23,32,45,47,43,36,21,9,13,12,12,41,50,19,13,37,53,58,53,52,63,48,23,34,46,41,51,54,40,34,25,9,11,17,11,6,12,11,12,42,56,24,26,64,47,20,45,53,36,50,60,47,38,26,9,3,3,5,3,2,18,33,37,50,62,61,58,61,60,34,2,11,23,2,5,33,21,0,22,42,45,56,63,61,57,60,62,31,5,32,41,4,7,33,13,9,54,57,11,17,52,27,2,45,54,6,8,40,18,10,43,30,-2,15,28,6,5,20,5,4,42,54,40,49,63,62,61,59,62,63,48,52,62,22,8,50,38,-1,30,54,22,25,49,34,34,65,51,5,23,55,16,-1,49,44,2,34,68,35,22,51,57,44,39,36,24,5,1,6,0,3,14,4,2,19,8,8,49,59,39,48,62,59,59,62,63,58,55,62,49,24,47,61,16,10,49,32,-3,16,30,6,9,46,42,9,26,58,40,29,60,51,13,33,57,23,13,47,39,8,27,40,6,14,62,40,-2,29,52,11,10,52,52,39,52,61,61,63,61,59,61,64,55,34,34,41,20,0,12,13,-1,16,42,25,14,51,62,27,33,65,41,19,54,58,16,22,51,27,0,11,13,-1,5,18,7,5,35,33,-1,19,61,37,13,51,65,25,23,55,29,-3,29,44,7,12,48,32,17,52,62,35,41,64,49,38,60,57,26,39,64,32,16,58,54,12,31,65,40,26,59,52,13,33,62,20,4,46,38,1,27,48,12,0,34,33,-
Sound.c(16): warning:  #68-D: integer conversion resulted in a change of sign
  const uint8_t rockSound[1025] = {31,23,25,31,29,31,35,31,34,38,33,33,37,29,23,32,45,47,43,36,21,9,13,12,12,41,50,19,13,37,53,58,53,52,63,48,23,34,46,41,51,54,40,34,25,9,11,17,11,6,12,11,12,42,56,24,26,64,47,20,45,53,36,50,60,47,38,26,9,3,3,5,3,2,18,33,37,50,62,61,58,61,60,34,2,11,23,2,5,33,21,0,22,42,45,56,63,61,57,60,62,31,5,32,41,4,7,33,13,9,54,57,11,17,52,27,2,45,54,6,8,40,18,10,43,30,-2,15,28,6,5,20,5,4,42,54,40,49,63,62,61,59,62,63,48,52,62,22,8,50,38,-1,30,54,22,25,49,34,34,65,51,5,23,55,16,-1,49,44,2,34,68,35,22,51,57,44,39,36,24,5,1,6,0,3,14,4,2,19,8,8,49,59,39,48,62,59,59,62,63,58,55,62,49,24,47,61,16,10,49,32,-3,16,30,6,9,46,42,9,26,58,40,29,60,51,13,33,57,23,13,47,39,8,27,40,6,14,62,40,-2,29,52,11,10,52,52,39,52,61,61,63,61,59,61,64,55,34,34,41,20,0,12,13,-1,16,42,25,14,51,62,27,33,65,41,19,54,58,16,22,51,27,0,11,13,-1,5,18,7,5,35,33,-1,19,61,37,13,51,65,25,23,55,29,-3,29,44,7,12,48,32,17,52,62,35,41,64,49,38,60,57,26,39,64,32,16,58,54,12,31,65,40,26,59,52,13,33,62,20,4,46,38,1,27,48,12,0,34,33,-
Sound.c(16): warning:  #68-D: integer conversion resulted in a change of sign
  const uint8_t rockSound[1025] = {31,23,25,31,29,31,35,31,34,38,33,33,37,29,23,32,45,47,43,36,21,9,13,12,12,41,50,19,13,37,53,58,53,52,63,48,23,34,46,41,51,54,40,34,25,9,11,17,11,6,12,11,12,42,56,24,26,64,47,20,45,53,36,50,60,47,38,26,9,3,3,5,3,2,18,33,37,50,62,61,58,61,60,34,2,11,23,2,5,33,21,0,22,42,45,56,63,61,57,60,62,31,5,32,41,4,7,33,13,9,54,57,11,17,52,27,2,45,54,6,8,40,18,10,43,30,-2,15,28,6,5,20,5,4,42,54,40,49,63,62,61,59,62,63,48,52,62,22,8,50,38,-1,30,54,22,25,49,34,34,65,51,5,23,55,16,-1,49,44,2,34,68,35,22,51,57,44,39,36,24,5,1,6,0,3,14,4,2,19,8,8,49,59,39,48,62,59,59,62,63,58,55,62,49,24,47,61,16,10,49,32,-3,16,30,6,9,46,42,9,26,58,40,29,60,51,13,33,57,23,13,47,39,8,27,40,6,14,62,40,-2,29,52,11,10,52,52,39,52,61,61,63,61,59,61,64,55,34,34,41,20,0,12,13,-1,16,42,25,14,51,62,27,33,65,41,19,54,58,16,22,51,27,0,11,13,-1,5,18,7,5,35,33,-1,19,61,37,13,51,65,25,23,55,29,-3,29,44,7,12,48,32,17,52,62,35,41,64,49,38,60,57,26,39,64,32,16,58,54,12,31,65,40,26,59,52,13,33,62,20,4,46,38,1,27,48,12,0,34,33,-
Sound.c(16): warning:  #68-D: integer conversion resulted in a change of sign
  const uint8_t rockSound[1025] = {31,23,25,31,29,31,35,31,34,38,33,33,37,29,23,32,45,47,43,36,21,9,13,12,12,41,50,19,13,37,53,58,53,52,63,48,23,34,46,41,51,54,40,34,25,9,11,17,11,6,12,11,12,42,56,24,26,64,47,20,45,53,36,50,60,47,38,26,9,3,3,5,3,2,18,33,37,50,62,61,58,61,60,34,2,11,23,2,5,33,21,0,22,42,45,56,63,61,57,60,62,31,5,32,41,4,7,33,13,9,54,57,11,17,52,27,2,45,54,6,8,40,18,10,43,30,-2,15,28,6,5,20,5,4,42,54,40,49,63,62,61,59,62,63,48,52,62,22,8,50,38,-1,30,54,22,25,49,34,34,65,51,5,23,55,16,-1,49,44,2,34,68,35,22,51,57,44,39,36,24,5,1,6,0,3,14,4,2,19,8,8,49,59,39,48,62,59,59,62,63,58,55,62,49,24,47,61,16,10,49,32,-3,16,30,6,9,46,42,9,26,58,40,29,60,51,13,33,57,23,13,47,39,8,27,40,6,14,62,40,-2,29,52,11,10,52,52,39,52,61,61,63,61,59,61,64,55,34,34,41,20,0,12,13,-1,16,42,25,14,51,62,27,33,65,41,19,54,58,16,22,51,27,0,11,13,-1,5,18,7,5,35,33,-1,19,61,37,13,51,65,25,23,55,29,-3,29,44,7,12,48,32,17,52,62,35,41,64,49,38,60,57,26,39,64,32,16,58,54,12,31,65,40,26,59,52,13,33,62,20,4,46,38,1,27,48,12,0,34,33,-
Sound.c(16): warning:  #68-D: integer conversion resulted in a change of sign
  const uint8_t rockSound[1025] = {31,23,25,31,29,31,35,31,34,38,33,33,37,29,23,32,45,47,43,36,21,9,13,12,12,41,50,19,13,37,53,58,53,52,63,48,23,34,46,41,51,54,40,34,25,9,11,17,11,6,12,11,12,42,56,24,26,64,47,20,45,53,36,50,60,47,38,26,9,3,3,5,3,2,18,33,37,50,62,61,58,61,60,34,2,11,23,2,5,33,21,0,22,42,45,56,63,61,57,60,62,31,5,32,41,4,7,33,13,9,54,57,11,17,52,27,2,45,54,6,8,40,18,10,43,30,-2,15,28,6,5,20,5,4,42,54,40,49,63,62,61,59,62,63,48,52,62,22,8,50,38,-1,30,54,22,25,49,34,34,65,51,5,23,55,16,-1,49,44,2,34,68,35,22,51,57,44,39,36,24,5,1,6,0,3,14,4,2,19,8,8,49,59,39,48,62,59,59,62,63,58,55,62,49,24,47,61,16,10,49,32,-3,16,30,6,9,46,42,9,26,58,40,29,60,51,13,33,57,23,13,47,39,8,27,40,6,14,62,40,-2,29,52,11,10,52,52,39,52,61,61,63,61,59,61,64,55,34,34,41,20,0,12,13,-1,16,42,25,14,51,62,27,33,65,41,19,54,58,16,22,51,27,0,11,13,-1,5,18,7,5,35,33,-1,19,61,37,13,51,65,25,23,55,29,-3,29,44,7,12,48,32,17,52,62,35,41,64,49,38,60,57,26,39,64,32,16,58,54,12,31,65,40,26,59,52,13,33,62,20,4,46,38,1,27,48,12,0,34,33,-
Sound.c(16): warning:  #68-D: integer conversion resulted in a change of sign
  const uint8_t rockSound[1025] = {31,23,25,31,29,31,35,31,34,38,33,33,37,29,23,32,45,47,43,36,21,9,13,12,12,41,50,19,13,37,53,58,53,52,63,48,23,34,46,41,51,54,40,34,25,9,11,17,11,6,12,11,12,42,56,24,26,64,47,20,45,53,36,50,60,47,38,26,9,3,3,5,3,2,18,33,37,50,62,61,58,61,60,34,2,11,23,2,5,33,21,0,22,42,45,56,63,61,57,60,62,31,5,32,41,4,7,33,13,9,54,57,11,17,52,27,2,45,54,6,8,40,18,10,43,30,-2,15,28,6,5,20,5,4,42,54,40,49,63,62,61,59,62,63,48,52,62,22,8,50,38,-1,30,54,22,25,49,34,34,65,51,5,23,55,16,-1,49,44,2,34,68,35,22,51,57,44,39,36,24,5,1,6,0,3,14,4,2,19,8,8,49,59,39,48,62,59,59,62,63,58,55,62,49,24,47,61,16,10,49,32,-3,16,30,6,9,46,42,9,26,58,40,29,60,51,13,33,57,23,13,47,39,8,27,40,6,14,62,40,-2,29,52,11,10,52,52,39,52,61,61,63,61,59,61,64,55,34,34,41,20,0,12,13,-1,16,42,25,14,51,62,27,33,65,41,19,54,58,16,22,51,27,0,11,13,-1,5,18,7,5,35,33,-1,19,61,37,13,51,65,25,23,55,29,-3,29,44,7,12,48,32,17,52,62,35,41,64,49,38,60,57,26,39,64,32,16,58,54,12,31,65,40,26,59,52,13,33,62,20,4,46,38,1,27,48,12,0,34,33,-
Sound.c(16): warning:  #68-D: integer conversion resulted in a change of sign
  const uint8_t rockSound[1025] = {31,23,25,31,29,31,35,31,34,38,33,33,37,29,23,32,45,47,43,36,21,9,13,12,12,41,50,19,13,37,53,58,53,52,63,48,23,34,46,41,51,54,40,34,25,9,11,17,11,6,12,11,12,42,56,24,26,64,47,20,45,53,36,50,60,47,38,26,9,3,3,5,3,2,18,33,37,50,62,61,58,61,60,34,2,11,23,2,5,33,21,0,22,42,45,56,63,61,57,60,62,31,5,32,41,4,7,33,13,9,54,57,11,17,52,27,2,45,54,6,8,40,18,10,43,30,-2,15,28,6,5,20,5,4,42,54,40,49,63,62,61,59,62,63,48,52,62,22,8,50,38,-1,30,54,22,25,49,34,34,65,51,5,23,55,16,-1,49,44,2,34,68,35,22,51,57,44,39,36,24,5,1,6,0,3,14,4,2,19,8,8,49,59,39,48,62,59,59,62,63,58,55,62,49,24,47,61,16,10,49,32,-3,16,30,6,9,46,42,9,26,58,40,29,60,51,13,33,57,23,13,47,39,8,27,40,6,14,62,40,-2,29,52,11,10,52,52,39,52,61,61,63,61,59,61,64,55,34,34,41,20,0,12,13,-1,16,42,25,14,51,62,27,33,65,41,19,54,58,16,22,51,27,0,11,13,-1,5,18,7,5,35,33,-1,19,61,37,13,51,65,25,23,55,29,-3,29,44,7,12,48,32,17,52,62,35,41,64,49,38,60,57,26,39,64,32,16,58,54,12,31,65,40,26,59,52,13,33,62,20,4,46,38,1,27,48,12,0,34,33,-
Sound.c(16): warning:  #68-D: integer conversion resulted in a change of sign
  const uint8_t rockSound[1025] = {31,23,25,31,29,31,35,31,34,38,33,33,37,29,23,32,45,47,43,36,21,9,13,12,12,41,50,19,13,37,53,58,53,52,63,48,23,34,46,41,51,54,40,34,25,9,11,17,11,6,12,11,12,42,56,24,26,64,47,20,45,53,36,50,60,47,38,26,9,3,3,5,3,2,18,33,37,50,62,61,58,61,60,34,2,11,23,2,5,33,21,0,22,42,45,56,63,61,57,60,62,31,5,32,41,4,7,33,13,9,54,57,11,17,52,27,2,45,54,6,8,40,18,10,43,30,-2,15,28,6,5,20,5,4,42,54,40,49,63,62,61,59,62,63,48,52,62,22,8,50,38,-1,30,54,22,25,49,34,34,65,51,5,23,55,16,-1,49,44,2,34,68,35,22,51,57,44,39,36,24,5,1,6,0,3,14,4,2,19,8,8,49,59,39,48,62,59,59,62,63,58,55,62,49,24,47,61,16,10,49,32,-3,16,30,6,9,46,42,9,26,58,40,29,60,51,13,33,57,23,13,47,39,8,27,40,6,14,62,40,-2,29,52,11,10,52,52,39,52,61,61,63,61,59,61,64,55,34,34,41,20,0,12,13,-1,16,42,25,14,51,62,27,33,65,41,19,54,58,16,22,51,27,0,11,13,-1,5,18,7,5,35,33,-1,19,61,37,13,51,65,25,23,55,29,-3,29,44,7,12,48,32,17,52,62,35,41,64,49,38,60,57,26,39,64,32,16,58,54,12,31,65,40,26,59,52,13,33,62,20,4,46,38,1,27,48,12,0,34,33,-
Sound.c(16): warning:  #68-D: integer conversion resulted in a change of sign
  const uint8_t rockSound[1025] = {31,23,25,31,29,31,35,31,34,38,33,33,37,29,23,32,45,47,43,36,21,9,13,12,12,41,50,19,13,37,53,58,53,52,63,48,23,34,46,41,51,54,40,34,25,9,11,17,11,6,12,11,12,42,56,24,26,64,47,20,45,53,36,50,60,47,38,26,9,3,3,5,3,2,18,33,37,50,62,61,58,61,60,34,2,11,23,2,5,33,21,0,22,42,45,56,63,61,57,60,62,31,5,32,41,4,7,33,13,9,54,57,11,17,52,27,2,45,54,6,8,40,18,10,43,30,-2,15,28,6,5,20,5,4,42,54,40,49,63,62,61,59,62,63,48,52,62,22,8,50,38,-1,30,54,22,25,49,34,34,65,51,5,23,55,16,-1,49,44,2,34,68,35,22,51,57,44,39,36,24,5,1,6,0,3,14,4,2,19,8,8,49,59,39,48,62,59,59,62,63,58,55,62,49,24,47,61,16,10,49,32,-3,16,30,6,9,46,42,9,26,58,40,29,60,51,13,33,57,23,13,47,39,8,27,40,6,14,62,40,-2,29,52,11,10,52,52,39,52,61,61,63,61,59,61,64,55,34,34,41,20,0,12,13,-1,16,42,25,14,51,62,27,33,65,41,19,54,58,16,22,51,27,0,11,13,-1,5,18,7,5,35,33,-1,19,61,37,13,51,65,25,23,55,29,-3,29,44,7,12,48,32,17,52,62,35,41,64,49,38,60,57,26,39,64,32,16,58,54,12,31,65,40,26,59,52,13,33,62,20,4,46,38,1,27,48,12,0,34,33,-
Sound.c(16): warning:  #68-D: integer conversion resulted in a change of sign
  const uint8_t rockSound[1025] = {31,23,25,31,29,31,35,31,34,38,33,33,37,29,23,32,45,47,43,36,21,9,13,12,12,41,50,19,13,37,53,58,53,52,63,48,23,34,46,41,51,54,40,34,25,9,11,17,11,6,12,11,12,42,56,24,26,64,47,20,45,53,36,50,60,47,38,26,9,3,3,5,3,2,18,33,37,50,62,61,58,61,60,34,2,11,23,2,5,33,21,0,22,42,45,56,63,61,57,60,62,31,5,32,41,4,7,33,13,9,54,57,11,17,52,27,2,45,54,6,8,40,18,10,43,30,-2,15,28,6,5,20,5,4,42,54,40,49,63,62,61,59,62,63,48,52,62,22,8,50,38,-1,30,54,22,25,49,34,34,65,51,5,23,55,16,-1,49,44,2,34,68,35,22,51,57,44,39,36,24,5,1,6,0,3,14,4,2,19,8,8,49,59,39,48,62,59,59,62,63,58,55,62,49,24,47,61,16,10,49,32,-3,16,30,6,9,46,42,9,26,58,40,29,60,51,13,33,57,23,13,47,39,8,27,40,6,14,62,40,-2,29,52,11,10,52,52,39,52,61,61,63,61,59,61,64,55,34,34,41,20,0,12,13,-1,16,42,25,14,51,62,27,33,65,41,19,54,58,16,22,51,27,0,11,13,-1,5,18,7,5,35,33,-1,19,61,37,13,51,65,25,23,55,29,-3,29,44,7,12,48,32,17,52,62,35,41,64,49,38,60,57,26,39,64,32,16,58,54,12,31,65,40,26,59,52,13,33,62,20,4,46,38,1,27,48,12,0,34,33,-
Sound.c(16): warning:  #68-D: integer conversion resulted in a change of sign
  const uint8_t rockSound[1025] = {31,23,25,31,29,31,35,31,34,38,33,33,37,29,23,32,45,47,43,36,21,9,13,12,12,41,50,19,13,37,53,58,53,52,63,48,23,34,46,41,51,54,40,34,25,9,11,17,11,6,12,11,12,42,56,24,26,64,47,20,45,53,36,50,60,47,38,26,9,3,3,5,3,2,18,33,37,50,62,61,58,61,60,34,2,11,23,2,5,33,21,0,22,42,45,56,63,61,57,60,62,31,5,32,41,4,7,33,13,9,54,57,11,17,52,27,2,45,54,6,8,40,18,10,43,30,-2,15,28,6,5,20,5,4,42,54,40,49,63,62,61,59,62,63,48,52,62,22,8,50,38,-1,30,54,22,25,49,34,34,65,51,5,23,55,16,-1,49,44,2,34,68,35,22,51,57,44,39,36,24,5,1,6,0,3,14,4,2,19,8,8,49,59,39,48,62,59,59,62,63,58,55,62,49,24,47,61,16,10,49,32,-3,16,30,6,9,46,42,9,26,58,40,29,60,51,13,33,57,23,13,47,39,8,27,40,6,14,62,40,-2,29,52,11,10,52,52,39,52,61,61,63,61,59,61,64,55,34,34,41,20,0,12,13,-1,16,42,25,14,51,62,27,33,65,41,19,54,58,16,22,51,27,0,11,13,-1,5,18,7,5,35,33,-1,19,61,37,13,51,65,25,23,55,29,-3,29,44,7,12,48,32,17,52,62,35,41,64,49,38,60,57,26,39,64,32,16,58,54,12,31,65,40,26,59,52,13,33,62,20,4,46,38,1,27,48,12,0,34,33,-
Sound.c(16): warning:  #68-D: integer conversion resulted in a change of sign
  const uint8_t rockSound[1025] = {31,23,25,31,29,31,35,31,34,38,33,33,37,29,23,32,45,47,43,36,21,9,13,12,12,41,50,19,13,37,53,58,53,52,63,48,23,34,46,41,51,54,40,34,25,9,11,17,11,6,12,11,12,42,56,24,26,64,47,20,45,53,36,50,60,47,38,26,9,3,3,5,3,2,18,33,37,50,62,61,58,61,60,34,2,11,23,2,5,33,21,0,22,42,45,56,63,61,57,60,62,31,5,32,41,4,7,33,13,9,54,57,11,17,52,27,2,45,54,6,8,40,18,10,43,30,-2,15,28,6,5,20,5,4,42,54,40,49,63,62,61,59,62,63,48,52,62,22,8,50,38,-1,30,54,22,25,49,34,34,65,51,5,23,55,16,-1,49,44,2,34,68,35,22,51,57,44,39,36,24,5,1,6,0,3,14,4,2,19,8,8,49,59,39,48,62,59,59,62,63,58,55,62,49,24,47,61,16,10,49,32,-3,16,30,6,9,46,42,9,26,58,40,29,60,51,13,33,57,23,13,47,39,8,27,40,6,14,62,40,-2,29,52,11,10,52,52,39,52,61,61,63,61,59,61,64,55,34,34,41,20,0,12,13,-1,16,42,25,14,51,62,27,33,65,41,19,54,58,16,22,51,27,0,11,13,-1,5,18,7,5,35,33,-1,19,61,37,13,51,65,25,23,55,29,-3,29,44,7,12,48,32,17,52,62,35,41,64,49,38,60,57,26,39,64,32,16,58,54,12,31,65,40,26,59,52,13,33,62,20,4,46,38,1,27,48,12,0,34,33,-
Sound.c(16): warning:  #68-D: integer conversion resulted in a change of sign
  const uint8_t rockSound[1025] = {31,23,25,31,29,31,35,31,34,38,33,33,37,29,23,32,45,47,43,36,21,9,13,12,12,41,50,19,13,37,53,58,53,52,63,48,23,34,46,41,51,54,40,34,25,9,11,17,11,6,12,11,12,42,56,24,26,64,47,20,45,53,36,50,60,47,38,26,9,3,3,5,3,2,18,33,37,50,62,61,58,61,60,34,2,11,23,2,5,33,21,0,22,42,45,56,63,61,57,60,62,31,5,32,41,4,7,33,13,9,54,57,11,17,52,27,2,45,54,6,8,40,18,10,43,30,-2,15,28,6,5,20,5,4,42,54,40,49,63,62,61,59,62,63,48,52,62,22,8,50,38,-1,30,54,22,25,49,34,34,65,51,5,23,55,16,-1,49,44,2,34,68,35,22,51,57,44,39,36,24,5,1,6,0,3,14,4,2,19,8,8,49,59,39,48,62,59,59,62,63,58,55,62,49,24,47,61,16,10,49,32,-3,16,30,6,9,46,42,9,26,58,40,29,60,51,13,33,57,23,13,47,39,8,27,40,6,14,62,40,-2,29,52,11,10,52,52,39,52,61,61,63,61,59,61,64,55,34,34,41,20,0,12,13,-1,16,42,25,14,51,62,27,33,65,41,19,54,58,16,22,51,27,0,11,13,-1,5,18,7,5,35,33,-1,19,61,37,13,51,65,25,23,55,29,-3,29,44,7,12,48,32,17,52,62,35,41,64,49,38,60,57,26,39,64,32,16,58,54,12,31,65,40,26,59,52,13,33,62,20,4,46,38,1,27,48,12,0,34,33,-
Sound.c: 17 warnings, 0 errors
assembling LCD.s...
assembling Print.s...
compiling ST7735.c...
compiling TExaS.c...
compiling PLL.c...
compiling GoldMiner.c...
compiling EdgeInterrupt.c...
compiling SysTick.c...
compiling Timer2.c...
linking...
Program Size: Code=7880 RO-data=24512 RW-data=184 ZI-data=1248  
".\GoldMiner.axf" - 0 Error(s), 17 Warning(s).

<h2>Software Packages used:</h2>

Package Vendor: ARM
                http://www.keil.com/pack/ARM.CMSIS.5.8.0.pack
                ARM.CMSIS.5.8.0
                CMSIS (Common Microcontroller Software Interface Standard)
   * Component: CORE Version: 5.5.0

Package Vendor: Keil
                http://www.keil.com/pack/Keil.TM4C_DFP.1.1.0.pack
                Keil.TM4C_DFP.1.1.0
                Texas Instruments Tiva C Series Device Support and Examples

<h2>Collection of Component include folders:</h2>
  .\RTE\_GoldMiner
  C:\Users\marzo\AppData\Local\Arm\Packs\ARM\CMSIS\5.8.0\CMSIS\Core\Include
  C:\Users\marzo\AppData\Local\Arm\Packs\Keil\TM4C_DFP\1.1.0\Device\Include\TM4C123

<h2>Collection of Component Files used:</h2>

   * Component: ARM::CMSIS:CORE:5.5.0
Build Time Elapsed:  00:00:09
</pre>
</body>
</html>
